Archive member included to satisfy reference by file (symbol)

c:/intelfpga/18.1/nios2eds/bin/gnu/h-x86_64-mingw32/bin/../lib/gcc/nios2-elf/5.3.0/mno-hw-mul\libgcc.a(lib2-divmod.o)
                              obj/default/hello_world_small.o (__divsi3)
../Alarm_CPU_Nios_bsp/\libhal_bsp.a(alt_iic.o)
                              obj/default/hello_world_small.o (alt_ic_isr_register)
../Alarm_CPU_Nios_bsp/\libhal_bsp.a(alt_iic_isr_register.o)
                              ../Alarm_CPU_Nios_bsp/\libhal_bsp.a(alt_iic.o) (alt_iic_isr_register)
../Alarm_CPU_Nios_bsp/\libhal_bsp.a(alt_irq_entry.o)
                              ../Alarm_CPU_Nios_bsp/\libhal_bsp.a(alt_iic_isr_register.o) (alt_irq_entry)
../Alarm_CPU_Nios_bsp/\libhal_bsp.a(alt_irq_handler.o)
                              ../Alarm_CPU_Nios_bsp/\libhal_bsp.a(alt_iic_isr_register.o) (alt_irq_handler)
../Alarm_CPU_Nios_bsp/\libhal_bsp.a(alt_irq_vars.o)
                              ../Alarm_CPU_Nios_bsp/\libhal_bsp.a(alt_iic.o) (alt_irq_active)
../Alarm_CPU_Nios_bsp/\libhal_bsp.a(alt_load.o)
                              ../Alarm_CPU_Nios_bsp//obj/HAL/src/crt0.o (alt_load)
../Alarm_CPU_Nios_bsp/\libhal_bsp.a(alt_main.o)
                              ../Alarm_CPU_Nios_bsp//obj/HAL/src/crt0.o (alt_main)
../Alarm_CPU_Nios_bsp/\libhal_bsp.a(alt_sys_init.o)
                              ../Alarm_CPU_Nios_bsp/\libhal_bsp.a(alt_main.o) (alt_irq_init)
../Alarm_CPU_Nios_bsp/\libhal_bsp.a(alt_dcache_flush_all.o)
                              ../Alarm_CPU_Nios_bsp/\libhal_bsp.a(alt_load.o) (alt_dcache_flush_all)
../Alarm_CPU_Nios_bsp/\libhal_bsp.a(alt_exception_entry.o)
                              ../Alarm_CPU_Nios_bsp/\libhal_bsp.a(alt_irq_entry.o) (alt_exception)
../Alarm_CPU_Nios_bsp/\libhal_bsp.a(alt_icache_flush_all.o)
                              ../Alarm_CPU_Nios_bsp/\libhal_bsp.a(alt_load.o) (alt_icache_flush_all)
../Alarm_CPU_Nios_bsp/\libhal_bsp.a(alt_instruction_exception_entry.o)
                              ../Alarm_CPU_Nios_bsp/\libhal_bsp.a(alt_exception_entry.o) (alt_instruction_exception_entry)
../Alarm_CPU_Nios_bsp/\libhal_bsp.a(altera_nios2_gen2_irq.o)
                              ../Alarm_CPU_Nios_bsp/\libhal_bsp.a(alt_sys_init.o) (altera_nios2_gen2_irq_init)

Allocating common symbols
Common symbol       size              file

alt_irq             0x100             ../Alarm_CPU_Nios_bsp/\libhal_bsp.a(alt_irq_handler.o)

Memory Configuration

Name             Origin             Length             Attributes
reset            0x0000000000020000 0x0000000000000020
memory_RAM       0x0000000000020020 0x000000000001ffe0
*default*        0x0000000000000000 0xffffffffffffffff

Linker script and memory map

LOAD ../Alarm_CPU_Nios_bsp//obj/HAL/src/crt0.o
LOAD obj/default/hello_world_small.o
LOAD c:/intelfpga/18.1/nios2eds/bin/gnu/h-x86_64-mingw32/bin/../lib/gcc/nios2-elf/5.3.0/../../../../../H-x86_64-mingw32/nios2-elf/lib/mno-hw-mul\libstdc++.a
LOAD c:/intelfpga/18.1/nios2eds/bin/gnu/h-x86_64-mingw32/bin/../lib/gcc/nios2-elf/5.3.0/../../../../../H-x86_64-mingw32/nios2-elf/lib/mno-hw-mul\libm.a
LOAD c:/intelfpga/18.1/nios2eds/bin/gnu/h-x86_64-mingw32/bin/../lib/gcc/nios2-elf/5.3.0/mno-hw-mul\libgcc.a
START GROUP
LOAD c:/intelfpga/18.1/nios2eds/bin/gnu/h-x86_64-mingw32/bin/../lib/gcc/nios2-elf/5.3.0/../../../../../H-x86_64-mingw32/nios2-elf/lib/mno-hw-mul\libsmallc.a
LOAD c:/intelfpga/18.1/nios2eds/bin/gnu/h-x86_64-mingw32/bin/../lib/gcc/nios2-elf/5.3.0/mno-hw-mul\libgcc.a
LOAD ../Alarm_CPU_Nios_bsp/\libhal_bsp.a
LOAD c:/intelfpga/18.1/nios2eds/bin/gnu/h-x86_64-mingw32/bin/../lib/gcc/nios2-elf/5.3.0/../../../../../H-x86_64-mingw32/nios2-elf/lib/mno-hw-mul\libm.a
END GROUP
LOAD c:/intelfpga/18.1/nios2eds/bin/gnu/h-x86_64-mingw32/bin/../lib/gcc/nios2-elf/5.3.0/mno-hw-mul\libgcc.a
                0x0000000000020000                __alt_mem_memory_RAM = 0x20000

.entry          0x0000000000020000       0x20
 *(.entry)
 .entry         0x0000000000020000       0x20 ../Alarm_CPU_Nios_bsp//obj/HAL/src/crt0.o
                0x0000000000020000                __reset
                0x000000000002000c                _exit

.exceptions     0x0000000000020020      0x160
                0x0000000000020020                PROVIDE (__ram_exceptions_start, ABSOLUTE (.))
                0x0000000000020020                . = ALIGN (0x20)
 *(.irq)
 *(.exceptions.entry.label)
 .exceptions.entry.label
                0x0000000000020020        0x0 ../Alarm_CPU_Nios_bsp/\libhal_bsp.a(alt_irq_entry.o)
                0x0000000000020020                alt_irq_entry
 .exceptions.entry.label
                0x0000000000020020        0x0 ../Alarm_CPU_Nios_bsp/\libhal_bsp.a(alt_exception_entry.o)
                0x0000000000020020                alt_exception
 *(.exceptions.entry.user)
 *(.exceptions.entry.ecc_fatal)
 *(.exceptions.entry)
 .exceptions.entry
                0x0000000000020020       0x54 ../Alarm_CPU_Nios_bsp/\libhal_bsp.a(alt_exception_entry.o)
 *(.exceptions.irqtest.user)
 *(.exceptions.irqtest)
 .exceptions.irqtest
                0x0000000000020074       0x10 ../Alarm_CPU_Nios_bsp/\libhal_bsp.a(alt_irq_entry.o)
 *(.exceptions.irqhandler.user)
 *(.exceptions.irqhandler)
 .exceptions.irqhandler
                0x0000000000020084        0x4 ../Alarm_CPU_Nios_bsp/\libhal_bsp.a(alt_irq_entry.o)
 *(.exceptions.irqreturn.user)
 *(.exceptions.irqreturn)
 .exceptions.irqreturn
                0x0000000000020088        0x4 ../Alarm_CPU_Nios_bsp/\libhal_bsp.a(alt_irq_entry.o)
 *(.exceptions.notirq.label)
 .exceptions.notirq.label
                0x000000000002008c        0x0 ../Alarm_CPU_Nios_bsp/\libhal_bsp.a(alt_irq_entry.o)
 *(.exceptions.notirq.user)
 *(.exceptions.notirq)
 .exceptions.notirq
                0x000000000002008c        0x8 ../Alarm_CPU_Nios_bsp/\libhal_bsp.a(alt_exception_entry.o)
 *(.exceptions.soft.user)
 *(.exceptions.soft)
 *(.exceptions.unknown.user)
 *(.exceptions.unknown)
 .exceptions.unknown
                0x0000000000020094       0x14 ../Alarm_CPU_Nios_bsp/\libhal_bsp.a(alt_exception_entry.o)
 *(.exceptions.exit.label)
 .exceptions.exit.label
                0x00000000000200a8        0x0 ../Alarm_CPU_Nios_bsp/\libhal_bsp.a(alt_irq_entry.o)
 .exceptions.exit.label
                0x00000000000200a8        0x0 ../Alarm_CPU_Nios_bsp/\libhal_bsp.a(alt_exception_entry.o)
 *(.exceptions.exit.user)
 *(.exceptions.exit)
 .exceptions.exit
                0x00000000000200a8       0x54 ../Alarm_CPU_Nios_bsp/\libhal_bsp.a(alt_exception_entry.o)
 *(.exceptions)
 .exceptions    0x00000000000200fc       0x60 ../Alarm_CPU_Nios_bsp/\libhal_bsp.a(alt_irq_handler.o)
                0x00000000000200fc                alt_irq_handler
 .exceptions    0x000000000002015c       0x24 ../Alarm_CPU_Nios_bsp/\libhal_bsp.a(alt_instruction_exception_entry.o)
                0x000000000002015c                alt_instruction_exception_entry
                0x0000000000020180                PROVIDE (__ram_exceptions_end, ABSOLUTE (.))
                0x0000000000020020                PROVIDE (__flash_exceptions_start, LOADADDR (.exceptions))

.text           0x0000000000020180      0xab4
                [!provide]                        PROVIDE (stext, ABSOLUTE (.))
 *(.interp)
 *(.hash)
 *(.dynsym)
 *(.dynstr)
 *(.gnu.version)
 *(.gnu.version_d)
 *(.gnu.version_r)
 *(.rel.init)
 *(.rela.init)
 *(.rel.text .rel.text.* .rel.gnu.linkonce.t.*)
 *(.rela.text .rela.text.* .rela.gnu.linkonce.t.*)
 *(.rel.fini)
 *(.rela.fini)
 *(.rel.rodata .rel.rodata.* .rel.gnu.linkonce.r.*)
 *(.rela.rodata .rela.rodata.* .rela.gnu.linkonce.r.*)
 *(.rel.data .rel.data.* .rel.gnu.linkonce.d.*)
 *(.rela.data .rela.data.* .rela.gnu.linkonce.d.*)
 *(.rel.tdata .rel.tdata.* .rel.gnu.linkonce.td.*)
 *(.rela.tdata .rela.tdata.* .rela.gnu.linkonce.td.*)
 *(.rel.tbss .rel.tbss.* .rel.gnu.linkonce.tb.*)
 *(.rela.tbss .rela.tbss.* .rela.gnu.linkonce.tb.*)
 *(.rel.ctors)
 *(.rela.ctors)
 *(.rel.dtors)
 *(.rela.dtors)
 *(.rel.got)
 *(.rela.got)
 *(.rel.sdata .rel.sdata.* .rel.gnu.linkonce.s.*)
 *(.rela.sdata .rela.sdata.* .rela.gnu.linkonce.s.*)
 *(.rel.sbss .rel.sbss.* .rel.gnu.linkonce.sb.*)
 *(.rela.sbss .rela.sbss.* .rela.gnu.linkonce.sb.*)
 *(.rel.sdata2 .rel.sdata2.* .rel.gnu.linkonce.s2.*)
 *(.rela.sdata2 .rela.sdata2.* .rela.gnu.linkonce.s2.*)
 *(.rel.sbss2 .rel.sbss2.* .rel.gnu.linkonce.sb2.*)
 *(.rela.sbss2 .rela.sbss2.* .rela.gnu.linkonce.sb2.*)
 *(.rel.bss .rel.bss.* .rel.gnu.linkonce.b.*)
 *(.rela.bss .rela.bss.* .rela.gnu.linkonce.b.*)
 *(.rel.plt)
 *(.rela.plt)
 *(.rel.dyn)
 *(.init)
 *(.plt)
 *(.text .stub .text.* .gnu.linkonce.t.*)
 .text          0x0000000000020180       0x3c ../Alarm_CPU_Nios_bsp//obj/HAL/src/crt0.o
                0x0000000000020180                _start
 .text          0x00000000000201bc      0x60c obj/default/hello_world_small.o
                0x000000000002020c                init_timer_interrupt
                0x000000000002024c                toggle_leds
                0x0000000000020328                display_seven_segments
                0x0000000000020464                setup
                0x0000000000020540                check_buttons
                0x00000000000206b4                alarm
 .text.startup  0x00000000000207c8       0x10 obj/default/hello_world_small.o
                0x00000000000207c8                main
 .text          0x00000000000207d8      0x1b4 c:/intelfpga/18.1/nios2eds/bin/gnu/h-x86_64-mingw32/bin/../lib/gcc/nios2-elf/5.3.0/mno-hw-mul\libgcc.a(lib2-divmod.o)
                0x00000000000207d8                __divsi3
                0x000000000002085c                __modsi3
                0x00000000000208d0                __udivsi3
                0x0000000000020934                __umodsi3
 .text          0x000000000002098c       0x8c ../Alarm_CPU_Nios_bsp/\libhal_bsp.a(alt_iic.o)
                0x000000000002098c                alt_ic_isr_register
                0x0000000000020990                alt_ic_irq_enable
                0x00000000000209c8                alt_ic_irq_disable
                0x0000000000020a00                alt_ic_irq_enabled
 .text          0x0000000000020a18       0x68 ../Alarm_CPU_Nios_bsp/\libhal_bsp.a(alt_iic_isr_register.o)
                0x0000000000020a18                alt_iic_isr_register
 .text          0x0000000000020a80        0x0 ../Alarm_CPU_Nios_bsp/\libhal_bsp.a(alt_irq_entry.o)
 .text          0x0000000000020a80        0x0 ../Alarm_CPU_Nios_bsp/\libhal_bsp.a(alt_irq_handler.o)
 .text          0x0000000000020a80        0x0 ../Alarm_CPU_Nios_bsp/\libhal_bsp.a(alt_irq_vars.o)
 .text          0x0000000000020a80       0xe0 ../Alarm_CPU_Nios_bsp/\libhal_bsp.a(alt_load.o)
                0x0000000000020a80                alt_load
 .text          0x0000000000020b60       0x2c ../Alarm_CPU_Nios_bsp/\libhal_bsp.a(alt_main.o)
                0x0000000000020b60                alt_main
 .text          0x0000000000020b8c       0x24 ../Alarm_CPU_Nios_bsp/\libhal_bsp.a(alt_sys_init.o)
                0x0000000000020b8c                alt_irq_init
                0x0000000000020bac                alt_sys_init
 .text          0x0000000000020bb0        0x4 ../Alarm_CPU_Nios_bsp/\libhal_bsp.a(alt_dcache_flush_all.o)
                0x0000000000020bb0                alt_dcache_flush_all
 .text          0x0000000000020bb4        0x0 ../Alarm_CPU_Nios_bsp/\libhal_bsp.a(alt_exception_entry.o)
 .text          0x0000000000020bb4        0x4 ../Alarm_CPU_Nios_bsp/\libhal_bsp.a(alt_icache_flush_all.o)
                0x0000000000020bb4                alt_icache_flush_all
 .text          0x0000000000020bb8       0x74 ../Alarm_CPU_Nios_bsp/\libhal_bsp.a(alt_instruction_exception_entry.o)
                0x0000000000020bb8                alt_exception_cause_generated_bad_addr
 .text          0x0000000000020c2c        0x8 ../Alarm_CPU_Nios_bsp/\libhal_bsp.a(altera_nios2_gen2_irq.o)
                0x0000000000020c2c                altera_nios2_gen2_irq_init
 *(.gnu.warning.*)
 *(.fini)
                [!provide]                        PROVIDE (__etext, ABSOLUTE (.))
                [!provide]                        PROVIDE (_etext, ABSOLUTE (.))
                [!provide]                        PROVIDE (etext, ABSOLUTE (.))
 *(.eh_frame_hdr)
                0x0000000000020c34                . = ALIGN (0x4)
                [!provide]                        PROVIDE (__preinit_array_start, ABSOLUTE (.))
 *(.preinit_array)
                [!provide]                        PROVIDE (__preinit_array_end, ABSOLUTE (.))
                [!provide]                        PROVIDE (__init_array_start, ABSOLUTE (.))
 *(.init_array)
                [!provide]                        PROVIDE (__init_array_end, ABSOLUTE (.))
                [!provide]                        PROVIDE (__fini_array_start, ABSOLUTE (.))
 *(.fini_array)
                [!provide]                        PROVIDE (__fini_array_end, ABSOLUTE (.))
 *(.eh_frame)
 *(.gcc_except_table .gcc_except_table.*)
 *(.dynamic)
                [!provide]                        PROVIDE (__CTOR_LIST__, ABSOLUTE (.))
 *(.ctors)
 *(SORT(.ctors.*))
                [!provide]                        PROVIDE (__CTOR_END__, ABSOLUTE (.))
                [!provide]                        PROVIDE (__DTOR_LIST__, ABSOLUTE (.))
 *(.dtors)
 *(SORT(.dtors.*))
                [!provide]                        PROVIDE (__DTOR_END__, ABSOLUTE (.))
 *(.jcr)
                0x0000000000020c34                . = ALIGN (0x4)

.rodata         0x0000000000020c34        0xc
                0x0000000000020c34                PROVIDE (__ram_rodata_start, ABSOLUTE (.))
                0x0000000000020c34                . = ALIGN (0x4)
 *(.rodata .rodata.* .gnu.linkonce.r.*)
 .rodata        0x0000000000020c34        0xa obj/default/hello_world_small.o
                0x0000000000020c34                segment_map
 *(.rodata1)
                0x0000000000020c40                . = ALIGN (0x4)
 *fill*         0x0000000000020c3e        0x2 
                0x0000000000020c40                PROVIDE (__ram_rodata_end, ABSOLUTE (.))
                0x0000000000020c34                PROVIDE (__flash_rodata_start, LOADADDR (.rodata))

.rwdata         0x0000000000020c40       0x1c load address 0x0000000000020c5c
                0x0000000000020c40                PROVIDE (__ram_rwdata_start, ABSOLUTE (.))
                0x0000000000020c40                . = ALIGN (0x4)
 *(.got.plt)
 *(.got)
 *(.data1)
 *(.data .data.* .gnu.linkonce.d.*)
 .data          0x0000000000020c40        0x0 ../Alarm_CPU_Nios_bsp//obj/HAL/src/crt0.o
 .data          0x0000000000020c40        0x0 obj/default/hello_world_small.o
 .data          0x0000000000020c40        0x0 c:/intelfpga/18.1/nios2eds/bin/gnu/h-x86_64-mingw32/bin/../lib/gcc/nios2-elf/5.3.0/mno-hw-mul\libgcc.a(lib2-divmod.o)
 .data          0x0000000000020c40        0x0 ../Alarm_CPU_Nios_bsp/\libhal_bsp.a(alt_iic.o)
 .data          0x0000000000020c40        0x0 ../Alarm_CPU_Nios_bsp/\libhal_bsp.a(alt_iic_isr_register.o)
 .data          0x0000000000020c40        0x0 ../Alarm_CPU_Nios_bsp/\libhal_bsp.a(alt_irq_entry.o)
 .data          0x0000000000020c40        0x0 ../Alarm_CPU_Nios_bsp/\libhal_bsp.a(alt_irq_handler.o)
 .data          0x0000000000020c40        0x0 ../Alarm_CPU_Nios_bsp/\libhal_bsp.a(alt_irq_vars.o)
 .data          0x0000000000020c40        0x0 ../Alarm_CPU_Nios_bsp/\libhal_bsp.a(alt_load.o)
 .data          0x0000000000020c40        0x0 ../Alarm_CPU_Nios_bsp/\libhal_bsp.a(alt_main.o)
 .data          0x0000000000020c40        0x0 ../Alarm_CPU_Nios_bsp/\libhal_bsp.a(alt_sys_init.o)
 .data          0x0000000000020c40        0x0 ../Alarm_CPU_Nios_bsp/\libhal_bsp.a(alt_dcache_flush_all.o)
 .data          0x0000000000020c40        0x0 ../Alarm_CPU_Nios_bsp/\libhal_bsp.a(alt_exception_entry.o)
 .data          0x0000000000020c40        0x0 ../Alarm_CPU_Nios_bsp/\libhal_bsp.a(alt_icache_flush_all.o)
 .data          0x0000000000020c40        0x0 ../Alarm_CPU_Nios_bsp/\libhal_bsp.a(alt_instruction_exception_entry.o)
 .data          0x0000000000020c40        0x0 ../Alarm_CPU_Nios_bsp/\libhal_bsp.a(altera_nios2_gen2_irq.o)
                0x0000000000028c40                _gp = ABSOLUTE ((. + 0x8000))
                [!provide]                        PROVIDE (gp, _gp)
 *(.rwdata .rwdata.*)
 *(.sdata .sdata.* .gnu.linkonce.s.*)
 .sdata         0x0000000000020c40       0x14 obj/default/hello_world_small.o
                0x0000000000020c40                actual_button_status
 .sdata         0x0000000000020c54        0x4 ../Alarm_CPU_Nios_bsp/\libhal_bsp.a(alt_irq_vars.o)
                0x0000000000020c54                alt_priority_mask
 .sdata         0x0000000000020c58        0x4 ../Alarm_CPU_Nios_bsp/\libhal_bsp.a(alt_sys_init.o)
                0x0000000000020c58                jtag
 *(.sdata2 .sdata2.* .gnu.linkonce.s2.*)
                0x0000000000020c5c                . = ALIGN (0x4)
                0x0000000000020c5c                _edata = ABSOLUTE (.)
                [!provide]                        PROVIDE (edata, ABSOLUTE (.))
                0x0000000000020c5c                PROVIDE (__ram_rwdata_end, ABSOLUTE (.))
                0x0000000000020c5c                PROVIDE (__flash_rwdata_start, LOADADDR (.rwdata))

.bss            0x0000000000020c78      0x13c
                0x0000000000020c78                __bss_start = ABSOLUTE (.)
                [!provide]                        PROVIDE (__sbss_start, ABSOLUTE (.))
                [!provide]                        PROVIDE (___sbss_start, ABSOLUTE (.))
 *(.dynsbss)
 *(.sbss .sbss.* .gnu.linkonce.sb.*)
 .sbss          0x0000000000020c78       0x28 obj/default/hello_world_small.o
                0x0000000000020c78                actual_switch_status
 .sbss          0x0000000000020ca0        0x4 ../Alarm_CPU_Nios_bsp/\libhal_bsp.a(alt_irq_vars.o)
                0x0000000000020ca0                alt_irq_active
 .sbss          0x0000000000020ca4        0xc ../Alarm_CPU_Nios_bsp/\libhal_bsp.a(alt_main.o)
                0x0000000000020ca4                alt_envp
                0x0000000000020ca8                alt_argv
                0x0000000000020cac                alt_argc
 .sbss          0x0000000000020cb0        0x4 ../Alarm_CPU_Nios_bsp/\libhal_bsp.a(alt_instruction_exception_entry.o)
                0x0000000000020cb0                alt_instruction_exception_handler
 *(.sbss2 .sbss2.* .gnu.linkonce.sb2.*)
 *(.scommon)
                [!provide]                        PROVIDE (__sbss_end, ABSOLUTE (.))
                [!provide]                        PROVIDE (___sbss_end, ABSOLUTE (.))
 *(.dynbss)
 *(.bss .bss.* .gnu.linkonce.b.*)
 .bss           0x0000000000020cb4        0x0 ../Alarm_CPU_Nios_bsp//obj/HAL/src/crt0.o
 .bss           0x0000000000020cb4        0x0 obj/default/hello_world_small.o
 .bss           0x0000000000020cb4        0x0 c:/intelfpga/18.1/nios2eds/bin/gnu/h-x86_64-mingw32/bin/../lib/gcc/nios2-elf/5.3.0/mno-hw-mul\libgcc.a(lib2-divmod.o)
 .bss           0x0000000000020cb4        0x0 ../Alarm_CPU_Nios_bsp/\libhal_bsp.a(alt_iic.o)
 .bss           0x0000000000020cb4        0x0 ../Alarm_CPU_Nios_bsp/\libhal_bsp.a(alt_iic_isr_register.o)
 .bss           0x0000000000020cb4        0x0 ../Alarm_CPU_Nios_bsp/\libhal_bsp.a(alt_irq_entry.o)
 .bss           0x0000000000020cb4        0x0 ../Alarm_CPU_Nios_bsp/\libhal_bsp.a(alt_irq_handler.o)
 .bss           0x0000000000020cb4        0x0 ../Alarm_CPU_Nios_bsp/\libhal_bsp.a(alt_irq_vars.o)
 .bss           0x0000000000020cb4        0x0 ../Alarm_CPU_Nios_bsp/\libhal_bsp.a(alt_load.o)
 .bss           0x0000000000020cb4        0x0 ../Alarm_CPU_Nios_bsp/\libhal_bsp.a(alt_main.o)
 .bss           0x0000000000020cb4        0x0 ../Alarm_CPU_Nios_bsp/\libhal_bsp.a(alt_sys_init.o)
 .bss           0x0000000000020cb4        0x0 ../Alarm_CPU_Nios_bsp/\libhal_bsp.a(alt_dcache_flush_all.o)
 .bss           0x0000000000020cb4        0x0 ../Alarm_CPU_Nios_bsp/\libhal_bsp.a(alt_exception_entry.o)
 .bss           0x0000000000020cb4        0x0 ../Alarm_CPU_Nios_bsp/\libhal_bsp.a(alt_icache_flush_all.o)
 .bss           0x0000000000020cb4        0x0 ../Alarm_CPU_Nios_bsp/\libhal_bsp.a(alt_instruction_exception_entry.o)
 .bss           0x0000000000020cb4        0x0 ../Alarm_CPU_Nios_bsp/\libhal_bsp.a(altera_nios2_gen2_irq.o)
 *(COMMON)
 COMMON         0x0000000000020cb4      0x100 ../Alarm_CPU_Nios_bsp/\libhal_bsp.a(alt_irq_handler.o)
                0x0000000000020cb4                alt_irq
                0x0000000000020db4                . = ALIGN (0x4)
                0x0000000000020db4                __bss_end = ABSOLUTE (.)

.memory_RAM     0x0000000000020db4        0x0
                [!provide]                        PROVIDE (_alt_partition_memory_RAM_start, ABSOLUTE (.))
 *(.memory_RAM .memory_RAM. memory_RAM.*)
                0x0000000000020db4                . = ALIGN (0x4)
                [!provide]                        PROVIDE (_alt_partition_memory_RAM_end, ABSOLUTE (.))
                0x0000000000020db4                _end = ABSOLUTE (.)
                0x0000000000020db4                end = ABSOLUTE (.)
                0x0000000000020db4                __alt_stack_base = ABSOLUTE (.)
                [!provide]                        PROVIDE (_alt_partition_memory_RAM_load_addr, LOADADDR (.memory_RAM))

.stab
 *(.stab)

.stabstr
 *(.stabstr)

.stab.excl
 *(.stab.excl)

.stab.exclstr
 *(.stab.exclstr)

.stab.index
 *(.stab.index)

.stab.indexstr
 *(.stab.indexstr)

.comment        0x0000000000000000       0x23
 *(.comment)
 .comment       0x0000000000000000       0x23 obj/default/hello_world_small.o
                                         0x24 (size before relaxing)
 .comment       0x0000000000000023       0x24 c:/intelfpga/18.1/nios2eds/bin/gnu/h-x86_64-mingw32/bin/../lib/gcc/nios2-elf/5.3.0/mno-hw-mul\libgcc.a(lib2-divmod.o)
 .comment       0x0000000000000023       0x24 ../Alarm_CPU_Nios_bsp/\libhal_bsp.a(alt_iic.o)
 .comment       0x0000000000000023       0x24 ../Alarm_CPU_Nios_bsp/\libhal_bsp.a(alt_iic_isr_register.o)
 .comment       0x0000000000000023       0x24 ../Alarm_CPU_Nios_bsp/\libhal_bsp.a(alt_irq_handler.o)
 .comment       0x0000000000000023       0x24 ../Alarm_CPU_Nios_bsp/\libhal_bsp.a(alt_irq_vars.o)
 .comment       0x0000000000000023       0x24 ../Alarm_CPU_Nios_bsp/\libhal_bsp.a(alt_load.o)
 .comment       0x0000000000000023       0x24 ../Alarm_CPU_Nios_bsp/\libhal_bsp.a(alt_main.o)
 .comment       0x0000000000000023       0x24 ../Alarm_CPU_Nios_bsp/\libhal_bsp.a(alt_sys_init.o)
 .comment       0x0000000000000023       0x24 ../Alarm_CPU_Nios_bsp/\libhal_bsp.a(alt_dcache_flush_all.o)
 .comment       0x0000000000000023       0x24 ../Alarm_CPU_Nios_bsp/\libhal_bsp.a(alt_icache_flush_all.o)
 .comment       0x0000000000000023       0x24 ../Alarm_CPU_Nios_bsp/\libhal_bsp.a(alt_instruction_exception_entry.o)
 .comment       0x0000000000000023       0x24 ../Alarm_CPU_Nios_bsp/\libhal_bsp.a(altera_nios2_gen2_irq.o)

.debug
 *(.debug)

.line
 *(.line)

.debug_srcinfo
 *(.debug_srcinfo)

.debug_sfnames
 *(.debug_sfnames)

.debug_aranges  0x0000000000000000      0x238
 *(.debug_aranges)
 .debug_aranges
                0x0000000000000000       0x28 ../Alarm_CPU_Nios_bsp//obj/HAL/src/crt0.o
 .debug_aranges
                0x0000000000000028       0x28 obj/default/hello_world_small.o
 .debug_aranges
                0x0000000000000050       0x20 c:/intelfpga/18.1/nios2eds/bin/gnu/h-x86_64-mingw32/bin/../lib/gcc/nios2-elf/5.3.0/mno-hw-mul\libgcc.a(lib2-divmod.o)
 .debug_aranges
                0x0000000000000070       0x20 ../Alarm_CPU_Nios_bsp/\libhal_bsp.a(alt_iic.o)
 .debug_aranges
                0x0000000000000090       0x20 ../Alarm_CPU_Nios_bsp/\libhal_bsp.a(alt_iic_isr_register.o)
 .debug_aranges
                0x00000000000000b0       0x30 ../Alarm_CPU_Nios_bsp/\libhal_bsp.a(alt_irq_entry.o)
 .debug_aranges
                0x00000000000000e0       0x20 ../Alarm_CPU_Nios_bsp/\libhal_bsp.a(alt_irq_handler.o)
 .debug_aranges
                0x0000000000000100       0x18 ../Alarm_CPU_Nios_bsp/\libhal_bsp.a(alt_irq_vars.o)
 .debug_aranges
                0x0000000000000118       0x20 ../Alarm_CPU_Nios_bsp/\libhal_bsp.a(alt_load.o)
 .debug_aranges
                0x0000000000000138       0x20 ../Alarm_CPU_Nios_bsp/\libhal_bsp.a(alt_main.o)
 .debug_aranges
                0x0000000000000158       0x20 ../Alarm_CPU_Nios_bsp/\libhal_bsp.a(alt_sys_init.o)
 .debug_aranges
                0x0000000000000178       0x20 ../Alarm_CPU_Nios_bsp/\libhal_bsp.a(alt_dcache_flush_all.o)
 .debug_aranges
                0x0000000000000198       0x38 ../Alarm_CPU_Nios_bsp/\libhal_bsp.a(alt_exception_entry.o)
 .debug_aranges
                0x00000000000001d0       0x20 ../Alarm_CPU_Nios_bsp/\libhal_bsp.a(alt_icache_flush_all.o)
 .debug_aranges
                0x00000000000001f0       0x28 ../Alarm_CPU_Nios_bsp/\libhal_bsp.a(alt_instruction_exception_entry.o)
 .debug_aranges
                0x0000000000000218       0x20 ../Alarm_CPU_Nios_bsp/\libhal_bsp.a(altera_nios2_gen2_irq.o)

.debug_pubnames
 *(.debug_pubnames)

.debug_info     0x0000000000000000     0x19ed
 *(.debug_info .gnu.linkonce.wi.*)
 .debug_info    0x0000000000000000       0xb3 ../Alarm_CPU_Nios_bsp//obj/HAL/src/crt0.o
 .debug_info    0x00000000000000b3      0x4ac obj/default/hello_world_small.o
 .debug_info    0x000000000000055f      0x2c6 c:/intelfpga/18.1/nios2eds/bin/gnu/h-x86_64-mingw32/bin/../lib/gcc/nios2-elf/5.3.0/mno-hw-mul\libgcc.a(lib2-divmod.o)
 .debug_info    0x0000000000000825      0x38a ../Alarm_CPU_Nios_bsp/\libhal_bsp.a(alt_iic.o)
 .debug_info    0x0000000000000baf      0x232 ../Alarm_CPU_Nios_bsp/\libhal_bsp.a(alt_iic_isr_register.o)
 .debug_info    0x0000000000000de1       0xbc ../Alarm_CPU_Nios_bsp/\libhal_bsp.a(alt_irq_entry.o)
 .debug_info    0x0000000000000e9d      0x184 ../Alarm_CPU_Nios_bsp/\libhal_bsp.a(alt_irq_handler.o)
 .debug_info    0x0000000000001021       0x88 ../Alarm_CPU_Nios_bsp/\libhal_bsp.a(alt_irq_vars.o)
 .debug_info    0x00000000000010a9      0x1c9 ../Alarm_CPU_Nios_bsp/\libhal_bsp.a(alt_load.o)
 .debug_info    0x0000000000001272      0x169 ../Alarm_CPU_Nios_bsp/\libhal_bsp.a(alt_main.o)
 .debug_info    0x00000000000013db      0x19d ../Alarm_CPU_Nios_bsp/\libhal_bsp.a(alt_sys_init.o)
 .debug_info    0x0000000000001578       0x92 ../Alarm_CPU_Nios_bsp/\libhal_bsp.a(alt_dcache_flush_all.o)
 .debug_info    0x000000000000160a       0xc2 ../Alarm_CPU_Nios_bsp/\libhal_bsp.a(alt_exception_entry.o)
 .debug_info    0x00000000000016cc       0x92 ../Alarm_CPU_Nios_bsp/\libhal_bsp.a(alt_icache_flush_all.o)
 .debug_info    0x000000000000175e      0x1fd ../Alarm_CPU_Nios_bsp/\libhal_bsp.a(alt_instruction_exception_entry.o)
 .debug_info    0x000000000000195b       0x92 ../Alarm_CPU_Nios_bsp/\libhal_bsp.a(altera_nios2_gen2_irq.o)

.debug_abbrev   0x0000000000000000      0xc8e
 *(.debug_abbrev)
 .debug_abbrev  0x0000000000000000       0x12 ../Alarm_CPU_Nios_bsp//obj/HAL/src/crt0.o
 .debug_abbrev  0x0000000000000012      0x22d obj/default/hello_world_small.o
 .debug_abbrev  0x000000000000023f      0x10e c:/intelfpga/18.1/nios2eds/bin/gnu/h-x86_64-mingw32/bin/../lib/gcc/nios2-elf/5.3.0/mno-hw-mul\libgcc.a(lib2-divmod.o)
 .debug_abbrev  0x000000000000034d      0x1a0 ../Alarm_CPU_Nios_bsp/\libhal_bsp.a(alt_iic.o)
 .debug_abbrev  0x00000000000004ed      0x19c ../Alarm_CPU_Nios_bsp/\libhal_bsp.a(alt_iic_isr_register.o)
 .debug_abbrev  0x0000000000000689       0x12 ../Alarm_CPU_Nios_bsp/\libhal_bsp.a(alt_irq_entry.o)
 .debug_abbrev  0x000000000000069b      0x120 ../Alarm_CPU_Nios_bsp/\libhal_bsp.a(alt_irq_handler.o)
 .debug_abbrev  0x00000000000007bb       0x40 ../Alarm_CPU_Nios_bsp/\libhal_bsp.a(alt_irq_vars.o)
 .debug_abbrev  0x00000000000007fb       0xd8 ../Alarm_CPU_Nios_bsp/\libhal_bsp.a(alt_load.o)
 .debug_abbrev  0x00000000000008d3       0xee ../Alarm_CPU_Nios_bsp/\libhal_bsp.a(alt_main.o)
 .debug_abbrev  0x00000000000009c1      0x10e ../Alarm_CPU_Nios_bsp/\libhal_bsp.a(alt_sys_init.o)
 .debug_abbrev  0x0000000000000acf       0x42 ../Alarm_CPU_Nios_bsp/\libhal_bsp.a(alt_dcache_flush_all.o)
 .debug_abbrev  0x0000000000000b11       0x12 ../Alarm_CPU_Nios_bsp/\libhal_bsp.a(alt_exception_entry.o)
 .debug_abbrev  0x0000000000000b23       0x42 ../Alarm_CPU_Nios_bsp/\libhal_bsp.a(alt_icache_flush_all.o)
 .debug_abbrev  0x0000000000000b65       0xe7 ../Alarm_CPU_Nios_bsp/\libhal_bsp.a(alt_instruction_exception_entry.o)
 .debug_abbrev  0x0000000000000c4c       0x42 ../Alarm_CPU_Nios_bsp/\libhal_bsp.a(altera_nios2_gen2_irq.o)

.debug_line     0x0000000000000000      0xb0e
 *(.debug_line)
 .debug_line    0x0000000000000000       0x66 ../Alarm_CPU_Nios_bsp//obj/HAL/src/crt0.o
 .debug_line    0x0000000000000066      0x1a3 obj/default/hello_world_small.o
 .debug_line    0x0000000000000209      0x105 c:/intelfpga/18.1/nios2eds/bin/gnu/h-x86_64-mingw32/bin/../lib/gcc/nios2-elf/5.3.0/mno-hw-mul\libgcc.a(lib2-divmod.o)
 .debug_line    0x000000000000030e       0xf1 ../Alarm_CPU_Nios_bsp/\libhal_bsp.a(alt_iic.o)
 .debug_line    0x00000000000003ff       0xd6 ../Alarm_CPU_Nios_bsp/\libhal_bsp.a(alt_iic_isr_register.o)
 .debug_line    0x00000000000004d5       0x6b ../Alarm_CPU_Nios_bsp/\libhal_bsp.a(alt_irq_entry.o)
 .debug_line    0x0000000000000540       0xa5 ../Alarm_CPU_Nios_bsp/\libhal_bsp.a(alt_irq_handler.o)
 .debug_line    0x00000000000005e5       0x50 ../Alarm_CPU_Nios_bsp/\libhal_bsp.a(alt_irq_vars.o)
 .debug_line    0x0000000000000635       0xa4 ../Alarm_CPU_Nios_bsp/\libhal_bsp.a(alt_load.o)
 .debug_line    0x00000000000006d9       0xbd ../Alarm_CPU_Nios_bsp/\libhal_bsp.a(alt_main.o)
 .debug_line    0x0000000000000796      0x11a ../Alarm_CPU_Nios_bsp/\libhal_bsp.a(alt_sys_init.o)
 .debug_line    0x00000000000008b0       0x4e ../Alarm_CPU_Nios_bsp/\libhal_bsp.a(alt_dcache_flush_all.o)
 .debug_line    0x00000000000008fe       0xb3 ../Alarm_CPU_Nios_bsp/\libhal_bsp.a(alt_exception_entry.o)
 .debug_line    0x00000000000009b1       0x4e ../Alarm_CPU_Nios_bsp/\libhal_bsp.a(alt_icache_flush_all.o)
 .debug_line    0x00000000000009ff       0xbf ../Alarm_CPU_Nios_bsp/\libhal_bsp.a(alt_instruction_exception_entry.o)
 .debug_line    0x0000000000000abe       0x50 ../Alarm_CPU_Nios_bsp/\libhal_bsp.a(altera_nios2_gen2_irq.o)

.debug_frame    0x0000000000000000      0x348
 *(.debug_frame)
 .debug_frame   0x0000000000000000      0x11c obj/default/hello_world_small.o
 .debug_frame   0x000000000000011c       0x50 c:/intelfpga/18.1/nios2eds/bin/gnu/h-x86_64-mingw32/bin/../lib/gcc/nios2-elf/5.3.0/mno-hw-mul\libgcc.a(lib2-divmod.o)
 .debug_frame   0x000000000000016c       0x50 ../Alarm_CPU_Nios_bsp/\libhal_bsp.a(alt_iic.o)
 .debug_frame   0x00000000000001bc       0x30 ../Alarm_CPU_Nios_bsp/\libhal_bsp.a(alt_iic_isr_register.o)
 .debug_frame   0x00000000000001ec       0x34 ../Alarm_CPU_Nios_bsp/\libhal_bsp.a(alt_irq_handler.o)
 .debug_frame   0x0000000000000220       0x30 ../Alarm_CPU_Nios_bsp/\libhal_bsp.a(alt_load.o)
 .debug_frame   0x0000000000000250       0x2c ../Alarm_CPU_Nios_bsp/\libhal_bsp.a(alt_main.o)
 .debug_frame   0x000000000000027c       0x3c ../Alarm_CPU_Nios_bsp/\libhal_bsp.a(alt_sys_init.o)
 .debug_frame   0x00000000000002b8       0x20 ../Alarm_CPU_Nios_bsp/\libhal_bsp.a(alt_dcache_flush_all.o)
 .debug_frame   0x00000000000002d8       0x20 ../Alarm_CPU_Nios_bsp/\libhal_bsp.a(alt_icache_flush_all.o)
 .debug_frame   0x00000000000002f8       0x30 ../Alarm_CPU_Nios_bsp/\libhal_bsp.a(alt_instruction_exception_entry.o)
 .debug_frame   0x0000000000000328       0x20 ../Alarm_CPU_Nios_bsp/\libhal_bsp.a(altera_nios2_gen2_irq.o)

.debug_str      0x0000000000000000      0xe0c
 *(.debug_str)
 .debug_str     0x0000000000000000      0x31a obj/default/hello_world_small.o
                                        0x372 (size before relaxing)
 .debug_str     0x000000000000031a      0x187 c:/intelfpga/18.1/nios2eds/bin/gnu/h-x86_64-mingw32/bin/../lib/gcc/nios2-elf/5.3.0/mno-hw-mul\libgcc.a(lib2-divmod.o)
                                        0x1d2 (size before relaxing)
 .debug_str     0x00000000000004a1      0x17a ../Alarm_CPU_Nios_bsp/\libhal_bsp.a(alt_iic.o)
                                        0x298 (size before relaxing)
 .debug_str     0x000000000000061b       0x37 ../Alarm_CPU_Nios_bsp/\libhal_bsp.a(alt_iic_isr_register.o)
                                        0x252 (size before relaxing)
 .debug_str     0x0000000000000652       0x3a ../Alarm_CPU_Nios_bsp/\libhal_bsp.a(alt_irq_handler.o)
                                        0x1dc (size before relaxing)
 .debug_str     0x000000000000068c       0x17 ../Alarm_CPU_Nios_bsp/\libhal_bsp.a(alt_irq_vars.o)
                                        0x17f (size before relaxing)
 .debug_str     0x00000000000006a3      0x113 ../Alarm_CPU_Nios_bsp/\libhal_bsp.a(alt_load.o)
                                        0x281 (size before relaxing)
 .debug_str     0x00000000000007b6       0x8f ../Alarm_CPU_Nios_bsp/\libhal_bsp.a(alt_main.o)
                                        0x1fa (size before relaxing)
 .debug_str     0x0000000000000845       0xde ../Alarm_CPU_Nios_bsp/\libhal_bsp.a(alt_sys_init.o)
                                        0x29c (size before relaxing)
 .debug_str     0x0000000000000923       0x1f ../Alarm_CPU_Nios_bsp/\libhal_bsp.a(alt_dcache_flush_all.o)
                                        0x19a (size before relaxing)
 .debug_str     0x0000000000000942       0x1f ../Alarm_CPU_Nios_bsp/\libhal_bsp.a(alt_icache_flush_all.o)
                                        0x19a (size before relaxing)
 .debug_str     0x0000000000000961      0x48b ../Alarm_CPU_Nios_bsp/\libhal_bsp.a(alt_instruction_exception_entry.o)
                                        0x5e5 (size before relaxing)
 .debug_str     0x0000000000000dec       0x20 ../Alarm_CPU_Nios_bsp/\libhal_bsp.a(altera_nios2_gen2_irq.o)
                                        0x1a1 (size before relaxing)

.debug_loc      0x0000000000000000      0xa93
 *(.debug_loc)
 .debug_loc     0x0000000000000000      0x1ca obj/default/hello_world_small.o
 .debug_loc     0x00000000000001ca      0x4ce c:/intelfpga/18.1/nios2eds/bin/gnu/h-x86_64-mingw32/bin/../lib/gcc/nios2-elf/5.3.0/mno-hw-mul\libgcc.a(lib2-divmod.o)
 .debug_loc     0x0000000000000698      0x170 ../Alarm_CPU_Nios_bsp/\libhal_bsp.a(alt_iic.o)
 .debug_loc     0x0000000000000808      0x193 ../Alarm_CPU_Nios_bsp/\libhal_bsp.a(alt_iic_isr_register.o)
 .debug_loc     0x000000000000099b       0x72 ../Alarm_CPU_Nios_bsp/\libhal_bsp.a(alt_irq_handler.o)
 .debug_loc     0x0000000000000a0d       0x21 ../Alarm_CPU_Nios_bsp/\libhal_bsp.a(alt_sys_init.o)
 .debug_loc     0x0000000000000a2e       0x65 ../Alarm_CPU_Nios_bsp/\libhal_bsp.a(alt_instruction_exception_entry.o)

.debug_macinfo
 *(.debug_macinfo)

.debug_weaknames
 *(.debug_weaknames)

.debug_funcnames
 *(.debug_funcnames)

.debug_typenames
 *(.debug_typenames)

.debug_varnames
 *(.debug_varnames)

.debug_alt_sim_info
                0x0000000000000000       0x10
 *(.debug_alt_sim_info)
 .debug_alt_sim_info
                0x0000000000000000       0x10 ../Alarm_CPU_Nios_bsp//obj/HAL/src/crt0.o
                0x0000000000040000                __alt_data_end = 0x40000
                0x0000000000040000                PROVIDE (__alt_stack_pointer, __alt_data_end)
                [!provide]                        PROVIDE (__alt_stack_limit, __alt_stack_base)
                [!provide]                        PROVIDE (__alt_heap_start, end)
                [!provide]                        PROVIDE (__alt_heap_limit, 0x40000)
OUTPUT(Alarm_CPU_Nios.elf elf32-littlenios2)

.debug_ranges   0x0000000000000000      0x180
 .debug_ranges  0x0000000000000000       0x20 ../Alarm_CPU_Nios_bsp//obj/HAL/src/crt0.o
 .debug_ranges  0x0000000000000020       0x38 obj/default/hello_world_small.o
 .debug_ranges  0x0000000000000058       0x60 c:/intelfpga/18.1/nios2eds/bin/gnu/h-x86_64-mingw32/bin/../lib/gcc/nios2-elf/5.3.0/mno-hw-mul\libgcc.a(lib2-divmod.o)
 .debug_ranges  0x00000000000000b8       0x28 ../Alarm_CPU_Nios_bsp/\libhal_bsp.a(alt_irq_entry.o)
 .debug_ranges  0x00000000000000e0       0x10 ../Alarm_CPU_Nios_bsp/\libhal_bsp.a(alt_irq_handler.o)
 .debug_ranges  0x00000000000000f0       0x48 ../Alarm_CPU_Nios_bsp/\libhal_bsp.a(alt_load.o)
 .debug_ranges  0x0000000000000138       0x30 ../Alarm_CPU_Nios_bsp/\libhal_bsp.a(alt_exception_entry.o)
 .debug_ranges  0x0000000000000168       0x18 ../Alarm_CPU_Nios_bsp/\libhal_bsp.a(alt_instruction_exception_entry.o)
