Archive member included to satisfy reference by file (symbol)

d:/intelfpga_lite/22.1std/nios2eds/bin/gnu/h-x86_64-mingw32/bin/../lib/gcc/nios2-elf/12.1.1/mno-hw-mul\libgcc.a(lib2-divmod.o)
                              obj/default/hello_world_small.o (__divsi3)
d:/Quartus/Projects/AlarmClock_CPU_NIOS/Procesador_NIOS/CPU_Nios_platform/software/CPU_NIOS_bsp/\libhal_bsp.a(alt_iic.o)
                              obj/default/hello_world_small.o (alt_ic_isr_register)
d:/Quartus/Projects/AlarmClock_CPU_NIOS/Procesador_NIOS/CPU_Nios_platform/software/CPU_NIOS_bsp/\libhal_bsp.a(alt_iic_isr_register.o)
                              d:/Quartus/Projects/AlarmClock_CPU_NIOS/Procesador_NIOS/CPU_Nios_platform/software/CPU_NIOS_bsp/\libhal_bsp.a(alt_iic.o) (alt_iic_isr_register)
d:/Quartus/Projects/AlarmClock_CPU_NIOS/Procesador_NIOS/CPU_Nios_platform/software/CPU_NIOS_bsp/\libhal_bsp.a(alt_irq_entry.o)
                              d:/Quartus/Projects/AlarmClock_CPU_NIOS/Procesador_NIOS/CPU_Nios_platform/software/CPU_NIOS_bsp/\libhal_bsp.a(alt_iic_isr_register.o) (alt_irq_entry)
d:/Quartus/Projects/AlarmClock_CPU_NIOS/Procesador_NIOS/CPU_Nios_platform/software/CPU_NIOS_bsp/\libhal_bsp.a(alt_irq_handler.o)
                              d:/Quartus/Projects/AlarmClock_CPU_NIOS/Procesador_NIOS/CPU_Nios_platform/software/CPU_NIOS_bsp/\libhal_bsp.a(alt_iic_isr_register.o) (alt_irq_handler)
d:/Quartus/Projects/AlarmClock_CPU_NIOS/Procesador_NIOS/CPU_Nios_platform/software/CPU_NIOS_bsp/\libhal_bsp.a(alt_irq_vars.o)
                              d:/Quartus/Projects/AlarmClock_CPU_NIOS/Procesador_NIOS/CPU_Nios_platform/software/CPU_NIOS_bsp/\libhal_bsp.a(alt_iic.o) (alt_irq_active)
d:/Quartus/Projects/AlarmClock_CPU_NIOS/Procesador_NIOS/CPU_Nios_platform/software/CPU_NIOS_bsp/\libhal_bsp.a(alt_load.o)
                              d:/Quartus/Projects/AlarmClock_CPU_NIOS/Procesador_NIOS/CPU_Nios_platform/software/CPU_NIOS_bsp//obj/HAL/src/crt0.o (alt_load)
d:/Quartus/Projects/AlarmClock_CPU_NIOS/Procesador_NIOS/CPU_Nios_platform/software/CPU_NIOS_bsp/\libhal_bsp.a(alt_main.o)
                              d:/Quartus/Projects/AlarmClock_CPU_NIOS/Procesador_NIOS/CPU_Nios_platform/software/CPU_NIOS_bsp//obj/HAL/src/crt0.o (alt_main)
d:/Quartus/Projects/AlarmClock_CPU_NIOS/Procesador_NIOS/CPU_Nios_platform/software/CPU_NIOS_bsp/\libhal_bsp.a(alt_sys_init.o)
                              d:/Quartus/Projects/AlarmClock_CPU_NIOS/Procesador_NIOS/CPU_Nios_platform/software/CPU_NIOS_bsp/\libhal_bsp.a(alt_main.o) (alt_irq_init)
d:/Quartus/Projects/AlarmClock_CPU_NIOS/Procesador_NIOS/CPU_Nios_platform/software/CPU_NIOS_bsp/\libhal_bsp.a(alt_dcache_flush_all.o)
                              d:/Quartus/Projects/AlarmClock_CPU_NIOS/Procesador_NIOS/CPU_Nios_platform/software/CPU_NIOS_bsp/\libhal_bsp.a(alt_load.o) (alt_dcache_flush_all)
d:/Quartus/Projects/AlarmClock_CPU_NIOS/Procesador_NIOS/CPU_Nios_platform/software/CPU_NIOS_bsp/\libhal_bsp.a(alt_exception_entry.o)
                              d:/Quartus/Projects/AlarmClock_CPU_NIOS/Procesador_NIOS/CPU_Nios_platform/software/CPU_NIOS_bsp/\libhal_bsp.a(alt_irq_entry.o) (alt_exception)
d:/Quartus/Projects/AlarmClock_CPU_NIOS/Procesador_NIOS/CPU_Nios_platform/software/CPU_NIOS_bsp/\libhal_bsp.a(alt_icache_flush_all.o)
                              d:/Quartus/Projects/AlarmClock_CPU_NIOS/Procesador_NIOS/CPU_Nios_platform/software/CPU_NIOS_bsp/\libhal_bsp.a(alt_load.o) (alt_icache_flush_all)
d:/Quartus/Projects/AlarmClock_CPU_NIOS/Procesador_NIOS/CPU_Nios_platform/software/CPU_NIOS_bsp/\libhal_bsp.a(alt_instruction_exception_entry.o)
                              d:/Quartus/Projects/AlarmClock_CPU_NIOS/Procesador_NIOS/CPU_Nios_platform/software/CPU_NIOS_bsp/\libhal_bsp.a(alt_exception_entry.o) (alt_instruction_exception_entry)
d:/Quartus/Projects/AlarmClock_CPU_NIOS/Procesador_NIOS/CPU_Nios_platform/software/CPU_NIOS_bsp/\libhal_bsp.a(altera_nios2_gen2_irq.o)
                              d:/Quartus/Projects/AlarmClock_CPU_NIOS/Procesador_NIOS/CPU_Nios_platform/software/CPU_NIOS_bsp/\libhal_bsp.a(alt_sys_init.o) (altera_nios2_gen2_irq_init)
d:/intelfpga_lite/22.1std/nios2eds/bin/gnu/h-x86_64-mingw32/bin/../lib/gcc/nios2-elf/12.1.1/../../../../../H-x86_64-mingw32/nios2-elf/lib/mno-hw-mul\libsmallc.a(lib_a-memcpy.o)
                              d:/Quartus/Projects/AlarmClock_CPU_NIOS/Procesador_NIOS/CPU_Nios_platform/software/CPU_NIOS_bsp/\libhal_bsp.a(alt_load.o) (memcpy)

Memory Configuration

Name             Origin             Length             Attributes
reset            0x0000000000020000 0x0000000000000020
memory_RAM       0x0000000000020020 0x000000000001ffe0
*default*        0x0000000000000000 0xffffffffffffffff

Linker script and memory map

LOAD d:/Quartus/Projects/AlarmClock_CPU_NIOS/Procesador_NIOS/CPU_Nios_platform/software/CPU_NIOS_bsp//obj/HAL/src/crt0.o
LOAD obj/default/hello_world_small.o
LOAD d:/intelfpga_lite/22.1std/nios2eds/bin/gnu/h-x86_64-mingw32/bin/../lib/gcc/nios2-elf/12.1.1/../../../../../H-x86_64-mingw32/nios2-elf/lib/mno-hw-mul\libstdc++.a
LOAD d:/intelfpga_lite/22.1std/nios2eds/bin/gnu/h-x86_64-mingw32/bin/../lib/gcc/nios2-elf/12.1.1/../../../../../H-x86_64-mingw32/nios2-elf/lib/mno-hw-mul\libm.a
LOAD d:/intelfpga_lite/22.1std/nios2eds/bin/gnu/h-x86_64-mingw32/bin/../lib/gcc/nios2-elf/12.1.1/mno-hw-mul\libgcc.a
START GROUP
LOAD d:/intelfpga_lite/22.1std/nios2eds/bin/gnu/h-x86_64-mingw32/bin/../lib/gcc/nios2-elf/12.1.1/../../../../../H-x86_64-mingw32/nios2-elf/lib/mno-hw-mul\libsmallc.a
LOAD d:/intelfpga_lite/22.1std/nios2eds/bin/gnu/h-x86_64-mingw32/bin/../lib/gcc/nios2-elf/12.1.1/mno-hw-mul\libgcc.a
LOAD d:/Quartus/Projects/AlarmClock_CPU_NIOS/Procesador_NIOS/CPU_Nios_platform/software/CPU_NIOS_bsp/\libhal_bsp.a
LOAD d:/intelfpga_lite/22.1std/nios2eds/bin/gnu/h-x86_64-mingw32/bin/../lib/gcc/nios2-elf/12.1.1/../../../../../H-x86_64-mingw32/nios2-elf/lib/mno-hw-mul\libm.a
END GROUP
LOAD d:/intelfpga_lite/22.1std/nios2eds/bin/gnu/h-x86_64-mingw32/bin/../lib/gcc/nios2-elf/12.1.1/mno-hw-mul\libgcc.a
                0x0000000000020000                __alt_mem_memory_RAM = 0x20000

.entry          0x0000000000020000       0x20
 *(.entry)
 .entry         0x0000000000020000       0x20 d:/Quartus/Projects/AlarmClock_CPU_NIOS/Procesador_NIOS/CPU_Nios_platform/software/CPU_NIOS_bsp//obj/HAL/src/crt0.o
                0x0000000000020000                __reset
                0x000000000002000c                _exit

.exceptions     0x0000000000020020      0x160
                0x0000000000020020                PROVIDE (__ram_exceptions_start = ABSOLUTE (.))
                0x0000000000020020                . = ALIGN (0x20)
 *(.irq)
 *(.exceptions.entry.label)
 .exceptions.entry.label
                0x0000000000020020        0x0 d:/Quartus/Projects/AlarmClock_CPU_NIOS/Procesador_NIOS/CPU_Nios_platform/software/CPU_NIOS_bsp/\libhal_bsp.a(alt_irq_entry.o)
                0x0000000000020020                alt_irq_entry
 .exceptions.entry.label
                0x0000000000020020        0x0 d:/Quartus/Projects/AlarmClock_CPU_NIOS/Procesador_NIOS/CPU_Nios_platform/software/CPU_NIOS_bsp/\libhal_bsp.a(alt_exception_entry.o)
                0x0000000000020020                alt_exception
 *(.exceptions.entry.user)
 *(.exceptions.entry.ecc_fatal)
 *(.exceptions.entry)
 .exceptions.entry
                0x0000000000020020       0x54 d:/Quartus/Projects/AlarmClock_CPU_NIOS/Procesador_NIOS/CPU_Nios_platform/software/CPU_NIOS_bsp/\libhal_bsp.a(alt_exception_entry.o)
 *(.exceptions.irqtest.user)
 *(.exceptions.irqtest)
 .exceptions.irqtest
                0x0000000000020074       0x10 d:/Quartus/Projects/AlarmClock_CPU_NIOS/Procesador_NIOS/CPU_Nios_platform/software/CPU_NIOS_bsp/\libhal_bsp.a(alt_irq_entry.o)
 *(.exceptions.irqhandler.user)
 *(.exceptions.irqhandler)
 .exceptions.irqhandler
                0x0000000000020084        0x4 d:/Quartus/Projects/AlarmClock_CPU_NIOS/Procesador_NIOS/CPU_Nios_platform/software/CPU_NIOS_bsp/\libhal_bsp.a(alt_irq_entry.o)
 *(.exceptions.irqreturn.user)
 *(.exceptions.irqreturn)
 .exceptions.irqreturn
                0x0000000000020088        0x4 d:/Quartus/Projects/AlarmClock_CPU_NIOS/Procesador_NIOS/CPU_Nios_platform/software/CPU_NIOS_bsp/\libhal_bsp.a(alt_irq_entry.o)
 *(.exceptions.notirq.label)
 .exceptions.notirq.label
                0x000000000002008c        0x0 d:/Quartus/Projects/AlarmClock_CPU_NIOS/Procesador_NIOS/CPU_Nios_platform/software/CPU_NIOS_bsp/\libhal_bsp.a(alt_irq_entry.o)
 *(.exceptions.notirq.user)
 *(.exceptions.notirq)
 .exceptions.notirq
                0x000000000002008c        0x8 d:/Quartus/Projects/AlarmClock_CPU_NIOS/Procesador_NIOS/CPU_Nios_platform/software/CPU_NIOS_bsp/\libhal_bsp.a(alt_exception_entry.o)
 *(.exceptions.soft.user)
 *(.exceptions.soft)
 *(.exceptions.unknown.user)
 *(.exceptions.unknown)
 .exceptions.unknown
                0x0000000000020094       0x14 d:/Quartus/Projects/AlarmClock_CPU_NIOS/Procesador_NIOS/CPU_Nios_platform/software/CPU_NIOS_bsp/\libhal_bsp.a(alt_exception_entry.o)
 *(.exceptions.exit.label)
 .exceptions.exit.label
                0x00000000000200a8        0x0 d:/Quartus/Projects/AlarmClock_CPU_NIOS/Procesador_NIOS/CPU_Nios_platform/software/CPU_NIOS_bsp/\libhal_bsp.a(alt_irq_entry.o)
 .exceptions.exit.label
                0x00000000000200a8        0x0 d:/Quartus/Projects/AlarmClock_CPU_NIOS/Procesador_NIOS/CPU_Nios_platform/software/CPU_NIOS_bsp/\libhal_bsp.a(alt_exception_entry.o)
 *(.exceptions.exit.user)
 *(.exceptions.exit)
 .exceptions.exit
                0x00000000000200a8       0x54 d:/Quartus/Projects/AlarmClock_CPU_NIOS/Procesador_NIOS/CPU_Nios_platform/software/CPU_NIOS_bsp/\libhal_bsp.a(alt_exception_entry.o)
 *(.exceptions)
 .exceptions    0x00000000000200fc       0x60 d:/Quartus/Projects/AlarmClock_CPU_NIOS/Procesador_NIOS/CPU_Nios_platform/software/CPU_NIOS_bsp/\libhal_bsp.a(alt_irq_handler.o)
                0x00000000000200fc                alt_irq_handler
 .exceptions    0x000000000002015c       0x24 d:/Quartus/Projects/AlarmClock_CPU_NIOS/Procesador_NIOS/CPU_Nios_platform/software/CPU_NIOS_bsp/\libhal_bsp.a(alt_instruction_exception_entry.o)
                0x000000000002015c                alt_instruction_exception_entry
                0x0000000000020180                PROVIDE (__ram_exceptions_end = ABSOLUTE (.))
                0x0000000000020020                PROVIDE (__flash_exceptions_start = LOADADDR (.exceptions))

.text           0x0000000000020180      0x9d8
                [!provide]                        PROVIDE (stext = ABSOLUTE (.))
 *(.interp)
 *(.hash)
 *(.dynsym)
 *(.dynstr)
 *(.gnu.version)
 *(.gnu.version_d)
 *(.gnu.version_r)
 *(.rel.init)
 *(.rela.init)
 *(.rel.text .rel.text.* .rel.gnu.linkonce.t.*)
 *(.rela.text .rela.text.* .rela.gnu.linkonce.t.*)
 *(.rel.fini)
 *(.rela.fini)
 *(.rel.rodata .rel.rodata.* .rel.gnu.linkonce.r.*)
 *(.rela.rodata .rela.rodata.* .rela.gnu.linkonce.r.*)
 *(.rel.data .rel.data.* .rel.gnu.linkonce.d.*)
 *(.rela.data .rela.data.* .rela.gnu.linkonce.d.*)
 *(.rel.tdata .rel.tdata.* .rel.gnu.linkonce.td.*)
 *(.rela.tdata .rela.tdata.* .rela.gnu.linkonce.td.*)
 *(.rel.tbss .rel.tbss.* .rel.gnu.linkonce.tb.*)
 *(.rela.tbss .rela.tbss.* .rela.gnu.linkonce.tb.*)
 *(.rel.ctors)
 *(.rela.ctors)
 *(.rel.dtors)
 *(.rela.dtors)
 *(.rel.got)
 *(.rela.got)
 *(.rel.sdata .rel.sdata.* .rel.gnu.linkonce.s.*)
 *(.rela.sdata .rela.sdata.* .rela.gnu.linkonce.s.*)
 *(.rel.sbss .rel.sbss.* .rel.gnu.linkonce.sb.*)
 *(.rela.sbss .rela.sbss.* .rela.gnu.linkonce.sb.*)
 *(.rel.sdata2 .rel.sdata2.* .rel.gnu.linkonce.s2.*)
 *(.rela.sdata2 .rela.sdata2.* .rela.gnu.linkonce.s2.*)
 *(.rel.sbss2 .rel.sbss2.* .rel.gnu.linkonce.sb2.*)
 *(.rela.sbss2 .rela.sbss2.* .rela.gnu.linkonce.sb2.*)
 *(.rel.bss .rel.bss.* .rel.gnu.linkonce.b.*)
 *(.rela.bss .rela.bss.* .rela.gnu.linkonce.b.*)
 *(.rel.plt)
 *(.rela.plt)
 *(.rel.dyn)
 *(.init)
 *(.plt)
 *(.text .stub .text.* .gnu.linkonce.t.*)
 .text          0x0000000000020180       0x3c d:/Quartus/Projects/AlarmClock_CPU_NIOS/Procesador_NIOS/CPU_Nios_platform/software/CPU_NIOS_bsp//obj/HAL/src/crt0.o
                0x0000000000020180                _start
 .text          0x00000000000201bc      0x5b4 obj/default/hello_world_small.o
                0x00000000000201e0                init_timer_interrupt
                0x000000000002021c                toggle_leds
                0x00000000000202f8                display_seven_segments
                0x0000000000020410                setup
                0x00000000000204f4                check_buttons
                0x000000000002065c                alarm
 .text.startup  0x0000000000020770       0x10 obj/default/hello_world_small.o
                0x0000000000020770                main
 .text          0x0000000000020780      0x1b4 d:/intelfpga_lite/22.1std/nios2eds/bin/gnu/h-x86_64-mingw32/bin/../lib/gcc/nios2-elf/12.1.1/mno-hw-mul\libgcc.a(lib2-divmod.o)
                0x0000000000020780                __divsi3
                0x0000000000020800                __modsi3
                0x0000000000020874                __udivsi3
                0x00000000000208d8                __umodsi3
 .text          0x0000000000020934       0x8c d:/Quartus/Projects/AlarmClock_CPU_NIOS/Procesador_NIOS/CPU_Nios_platform/software/CPU_NIOS_bsp/\libhal_bsp.a(alt_iic.o)
                0x0000000000020934                alt_ic_isr_register
                0x0000000000020938                alt_ic_irq_enable
                0x0000000000020970                alt_ic_irq_disable
                0x00000000000209a8                alt_ic_irq_enabled
 .text          0x00000000000209c0       0x68 d:/Quartus/Projects/AlarmClock_CPU_NIOS/Procesador_NIOS/CPU_Nios_platform/software/CPU_NIOS_bsp/\libhal_bsp.a(alt_iic_isr_register.o)
                0x00000000000209c0                alt_iic_isr_register
 .text          0x0000000000020a28        0x0 d:/Quartus/Projects/AlarmClock_CPU_NIOS/Procesador_NIOS/CPU_Nios_platform/software/CPU_NIOS_bsp/\libhal_bsp.a(alt_irq_entry.o)
 .text          0x0000000000020a28        0x0 d:/Quartus/Projects/AlarmClock_CPU_NIOS/Procesador_NIOS/CPU_Nios_platform/software/CPU_NIOS_bsp/\libhal_bsp.a(alt_irq_handler.o)
 .text          0x0000000000020a28        0x0 d:/Quartus/Projects/AlarmClock_CPU_NIOS/Procesador_NIOS/CPU_Nios_platform/software/CPU_NIOS_bsp/\libhal_bsp.a(alt_irq_vars.o)
 .text          0x0000000000020a28       0x84 d:/Quartus/Projects/AlarmClock_CPU_NIOS/Procesador_NIOS/CPU_Nios_platform/software/CPU_NIOS_bsp/\libhal_bsp.a(alt_load.o)
                0x0000000000020a28                alt_load
 .text          0x0000000000020aac       0x2c d:/Quartus/Projects/AlarmClock_CPU_NIOS/Procesador_NIOS/CPU_Nios_platform/software/CPU_NIOS_bsp/\libhal_bsp.a(alt_main.o)
                0x0000000000020aac                alt_main
 .text          0x0000000000020ad8       0x24 d:/Quartus/Projects/AlarmClock_CPU_NIOS/Procesador_NIOS/CPU_Nios_platform/software/CPU_NIOS_bsp/\libhal_bsp.a(alt_sys_init.o)
                0x0000000000020ad8                alt_irq_init
                0x0000000000020af8                alt_sys_init
 .text          0x0000000000020afc        0x4 d:/Quartus/Projects/AlarmClock_CPU_NIOS/Procesador_NIOS/CPU_Nios_platform/software/CPU_NIOS_bsp/\libhal_bsp.a(alt_dcache_flush_all.o)
                0x0000000000020afc                alt_dcache_flush_all
 .text          0x0000000000020b00        0x0 d:/Quartus/Projects/AlarmClock_CPU_NIOS/Procesador_NIOS/CPU_Nios_platform/software/CPU_NIOS_bsp/\libhal_bsp.a(alt_exception_entry.o)
 .text          0x0000000000020b00        0x4 d:/Quartus/Projects/AlarmClock_CPU_NIOS/Procesador_NIOS/CPU_Nios_platform/software/CPU_NIOS_bsp/\libhal_bsp.a(alt_icache_flush_all.o)
                0x0000000000020b00                alt_icache_flush_all
 .text          0x0000000000020b04       0x24 d:/Quartus/Projects/AlarmClock_CPU_NIOS/Procesador_NIOS/CPU_Nios_platform/software/CPU_NIOS_bsp/\libhal_bsp.a(alt_instruction_exception_entry.o)
                0x0000000000020b04                alt_exception_cause_generated_bad_addr
 .text          0x0000000000020b28        0x8 d:/Quartus/Projects/AlarmClock_CPU_NIOS/Procesador_NIOS/CPU_Nios_platform/software/CPU_NIOS_bsp/\libhal_bsp.a(altera_nios2_gen2_irq.o)
                0x0000000000020b28                altera_nios2_gen2_irq_init
 .text          0x0000000000020b30        0x0 d:/intelfpga_lite/22.1std/nios2eds/bin/gnu/h-x86_64-mingw32/bin/../lib/gcc/nios2-elf/12.1.1/../../../../../H-x86_64-mingw32/nios2-elf/lib/mno-hw-mul\libsmallc.a(lib_a-memcpy.o)
 .text.memcpy   0x0000000000020b30       0x28 d:/intelfpga_lite/22.1std/nios2eds/bin/gnu/h-x86_64-mingw32/bin/../lib/gcc/nios2-elf/12.1.1/../../../../../H-x86_64-mingw32/nios2-elf/lib/mno-hw-mul\libsmallc.a(lib_a-memcpy.o)
                0x0000000000020b30                memcpy
 *(.gnu.warning.*)
 *(.fini)
                [!provide]                        PROVIDE (__etext = ABSOLUTE (.))
                [!provide]                        PROVIDE (_etext = ABSOLUTE (.))
                [!provide]                        PROVIDE (etext = ABSOLUTE (.))
 *(.eh_frame_hdr)
                0x0000000000020b58                . = ALIGN (0x4)
                [!provide]                        PROVIDE (__preinit_array_start = ABSOLUTE (.))
 *(.preinit_array)
                [!provide]                        PROVIDE (__preinit_array_end = ABSOLUTE (.))
                [!provide]                        PROVIDE (__init_array_start = ABSOLUTE (.))
 *(.init_array)
                [!provide]                        PROVIDE (__init_array_end = ABSOLUTE (.))
                [!provide]                        PROVIDE (__fini_array_start = ABSOLUTE (.))
 *(.fini_array)
                [!provide]                        PROVIDE (__fini_array_end = ABSOLUTE (.))
 *(.eh_frame)
 *(.gcc_except_table .gcc_except_table.*)
 *(.dynamic)
                [!provide]                        PROVIDE (__CTOR_LIST__ = ABSOLUTE (.))
 *(.ctors)
 *(SORT_BY_NAME(.ctors.*))
                [!provide]                        PROVIDE (__CTOR_END__ = ABSOLUTE (.))
                [!provide]                        PROVIDE (__DTOR_LIST__ = ABSOLUTE (.))
 *(.dtors)
 *(SORT_BY_NAME(.dtors.*))
                [!provide]                        PROVIDE (__DTOR_END__ = ABSOLUTE (.))
 *(.jcr)
                0x0000000000020b58                . = ALIGN (0x4)

.rodata         0x0000000000020b58        0xc
                0x0000000000020b58                PROVIDE (__ram_rodata_start = ABSOLUTE (.))
                0x0000000000020b58                . = ALIGN (0x4)
 *(.rodata .rodata.* .gnu.linkonce.r.*)
 .rodata        0x0000000000020b58        0xa obj/default/hello_world_small.o
                0x0000000000020b58                segment_map
 *(.rodata1)
                0x0000000000020b64                . = ALIGN (0x4)
 *fill*         0x0000000000020b62        0x2 
                0x0000000000020b64                PROVIDE (__ram_rodata_end = ABSOLUTE (.))
                0x0000000000020b58                PROVIDE (__flash_rodata_start = LOADADDR (.rodata))

.rwdata         0x0000000000020b64       0x1c load address 0x0000000000020b80
                0x0000000000020b64                PROVIDE (__ram_rwdata_start = ABSOLUTE (.))
                0x0000000000020b64                . = ALIGN (0x4)
 *(.got.plt)
 *(.got)
 *(.data1)
 *(.data .data.* .gnu.linkonce.d.*)
 .data          0x0000000000020b64        0x0 d:/Quartus/Projects/AlarmClock_CPU_NIOS/Procesador_NIOS/CPU_Nios_platform/software/CPU_NIOS_bsp//obj/HAL/src/crt0.o
 .data          0x0000000000020b64        0x0 obj/default/hello_world_small.o
 .data          0x0000000000020b64        0x0 d:/intelfpga_lite/22.1std/nios2eds/bin/gnu/h-x86_64-mingw32/bin/../lib/gcc/nios2-elf/12.1.1/mno-hw-mul\libgcc.a(lib2-divmod.o)
 .data          0x0000000000020b64        0x0 d:/Quartus/Projects/AlarmClock_CPU_NIOS/Procesador_NIOS/CPU_Nios_platform/software/CPU_NIOS_bsp/\libhal_bsp.a(alt_iic.o)
 .data          0x0000000000020b64        0x0 d:/Quartus/Projects/AlarmClock_CPU_NIOS/Procesador_NIOS/CPU_Nios_platform/software/CPU_NIOS_bsp/\libhal_bsp.a(alt_iic_isr_register.o)
 .data          0x0000000000020b64        0x0 d:/Quartus/Projects/AlarmClock_CPU_NIOS/Procesador_NIOS/CPU_Nios_platform/software/CPU_NIOS_bsp/\libhal_bsp.a(alt_irq_entry.o)
 .data          0x0000000000020b64        0x0 d:/Quartus/Projects/AlarmClock_CPU_NIOS/Procesador_NIOS/CPU_Nios_platform/software/CPU_NIOS_bsp/\libhal_bsp.a(alt_irq_handler.o)
 .data          0x0000000000020b64        0x0 d:/Quartus/Projects/AlarmClock_CPU_NIOS/Procesador_NIOS/CPU_Nios_platform/software/CPU_NIOS_bsp/\libhal_bsp.a(alt_irq_vars.o)
 .data          0x0000000000020b64        0x0 d:/Quartus/Projects/AlarmClock_CPU_NIOS/Procesador_NIOS/CPU_Nios_platform/software/CPU_NIOS_bsp/\libhal_bsp.a(alt_load.o)
 .data          0x0000000000020b64        0x0 d:/Quartus/Projects/AlarmClock_CPU_NIOS/Procesador_NIOS/CPU_Nios_platform/software/CPU_NIOS_bsp/\libhal_bsp.a(alt_main.o)
 .data          0x0000000000020b64        0x0 d:/Quartus/Projects/AlarmClock_CPU_NIOS/Procesador_NIOS/CPU_Nios_platform/software/CPU_NIOS_bsp/\libhal_bsp.a(alt_sys_init.o)
 .data          0x0000000000020b64        0x0 d:/Quartus/Projects/AlarmClock_CPU_NIOS/Procesador_NIOS/CPU_Nios_platform/software/CPU_NIOS_bsp/\libhal_bsp.a(alt_dcache_flush_all.o)
 .data          0x0000000000020b64        0x0 d:/Quartus/Projects/AlarmClock_CPU_NIOS/Procesador_NIOS/CPU_Nios_platform/software/CPU_NIOS_bsp/\libhal_bsp.a(alt_exception_entry.o)
 .data          0x0000000000020b64        0x0 d:/Quartus/Projects/AlarmClock_CPU_NIOS/Procesador_NIOS/CPU_Nios_platform/software/CPU_NIOS_bsp/\libhal_bsp.a(alt_icache_flush_all.o)
 .data          0x0000000000020b64        0x0 d:/Quartus/Projects/AlarmClock_CPU_NIOS/Procesador_NIOS/CPU_Nios_platform/software/CPU_NIOS_bsp/\libhal_bsp.a(alt_instruction_exception_entry.o)
 .data          0x0000000000020b64        0x0 d:/Quartus/Projects/AlarmClock_CPU_NIOS/Procesador_NIOS/CPU_Nios_platform/software/CPU_NIOS_bsp/\libhal_bsp.a(altera_nios2_gen2_irq.o)
 .data          0x0000000000020b64        0x0 d:/intelfpga_lite/22.1std/nios2eds/bin/gnu/h-x86_64-mingw32/bin/../lib/gcc/nios2-elf/12.1.1/../../../../../H-x86_64-mingw32/nios2-elf/lib/mno-hw-mul\libsmallc.a(lib_a-memcpy.o)
                0x0000000000028b64                _gp = ABSOLUTE ((. + 0x8000))
                [!provide]                        PROVIDE (gp = _gp)
 *(.rwdata .rwdata.*)
 *(.sdata .sdata.* .gnu.linkonce.s.*)
 .sdata         0x0000000000020b64       0x14 obj/default/hello_world_small.o
                0x0000000000020b64                actual_button_status
 .sdata         0x0000000000020b78        0x4 d:/Quartus/Projects/AlarmClock_CPU_NIOS/Procesador_NIOS/CPU_Nios_platform/software/CPU_NIOS_bsp/\libhal_bsp.a(alt_irq_vars.o)
                0x0000000000020b78                alt_priority_mask
 .sdata         0x0000000000020b7c        0x4 d:/Quartus/Projects/AlarmClock_CPU_NIOS/Procesador_NIOS/CPU_Nios_platform/software/CPU_NIOS_bsp/\libhal_bsp.a(alt_sys_init.o)
                0x0000000000020b7c                jtag
 *(.sdata2 .sdata2.* .gnu.linkonce.s2.*)
                0x0000000000020b80                . = ALIGN (0x4)
                0x0000000000020b80                _edata = ABSOLUTE (.)
                [!provide]                        PROVIDE (edata = ABSOLUTE (.))
                0x0000000000020b80                PROVIDE (__ram_rwdata_end = ABSOLUTE (.))
                0x0000000000020b80                PROVIDE (__flash_rwdata_start = LOADADDR (.rwdata))

.bss            0x0000000000020b9c      0x13c
                0x0000000000020b9c                __bss_start = ABSOLUTE (.)
                [!provide]                        PROVIDE (__sbss_start = ABSOLUTE (.))
                [!provide]                        PROVIDE (___sbss_start = ABSOLUTE (.))
 *(.dynsbss)
 *(.sbss .sbss.* .gnu.linkonce.sb.*)
 .sbss          0x0000000000020b9c       0x28 obj/default/hello_world_small.o
                0x0000000000020b9c                actual_switch_status
 .sbss          0x0000000000020bc4        0x4 d:/Quartus/Projects/AlarmClock_CPU_NIOS/Procesador_NIOS/CPU_Nios_platform/software/CPU_NIOS_bsp/\libhal_bsp.a(alt_irq_vars.o)
                0x0000000000020bc4                alt_irq_active
 .sbss          0x0000000000020bc8        0xc d:/Quartus/Projects/AlarmClock_CPU_NIOS/Procesador_NIOS/CPU_Nios_platform/software/CPU_NIOS_bsp/\libhal_bsp.a(alt_main.o)
                0x0000000000020bc8                alt_envp
                0x0000000000020bcc                alt_argv
                0x0000000000020bd0                alt_argc
 .sbss          0x0000000000020bd4        0x4 d:/Quartus/Projects/AlarmClock_CPU_NIOS/Procesador_NIOS/CPU_Nios_platform/software/CPU_NIOS_bsp/\libhal_bsp.a(alt_instruction_exception_entry.o)
                0x0000000000020bd4                alt_instruction_exception_handler
 *(.sbss2 .sbss2.* .gnu.linkonce.sb2.*)
 *(.scommon)
                [!provide]                        PROVIDE (__sbss_end = ABSOLUTE (.))
                [!provide]                        PROVIDE (___sbss_end = ABSOLUTE (.))
 *(.dynbss)
 *(.bss .bss.* .gnu.linkonce.b.*)
 .bss           0x0000000000020bd8        0x0 d:/Quartus/Projects/AlarmClock_CPU_NIOS/Procesador_NIOS/CPU_Nios_platform/software/CPU_NIOS_bsp//obj/HAL/src/crt0.o
 .bss           0x0000000000020bd8        0x0 obj/default/hello_world_small.o
 .bss           0x0000000000020bd8        0x0 d:/intelfpga_lite/22.1std/nios2eds/bin/gnu/h-x86_64-mingw32/bin/../lib/gcc/nios2-elf/12.1.1/mno-hw-mul\libgcc.a(lib2-divmod.o)
 .bss           0x0000000000020bd8        0x0 d:/Quartus/Projects/AlarmClock_CPU_NIOS/Procesador_NIOS/CPU_Nios_platform/software/CPU_NIOS_bsp/\libhal_bsp.a(alt_iic.o)
 .bss           0x0000000000020bd8        0x0 d:/Quartus/Projects/AlarmClock_CPU_NIOS/Procesador_NIOS/CPU_Nios_platform/software/CPU_NIOS_bsp/\libhal_bsp.a(alt_iic_isr_register.o)
 .bss           0x0000000000020bd8        0x0 d:/Quartus/Projects/AlarmClock_CPU_NIOS/Procesador_NIOS/CPU_Nios_platform/software/CPU_NIOS_bsp/\libhal_bsp.a(alt_irq_entry.o)
 .bss           0x0000000000020bd8      0x100 d:/Quartus/Projects/AlarmClock_CPU_NIOS/Procesador_NIOS/CPU_Nios_platform/software/CPU_NIOS_bsp/\libhal_bsp.a(alt_irq_handler.o)
                0x0000000000020bd8                alt_irq
 .bss           0x0000000000020cd8        0x0 d:/Quartus/Projects/AlarmClock_CPU_NIOS/Procesador_NIOS/CPU_Nios_platform/software/CPU_NIOS_bsp/\libhal_bsp.a(alt_irq_vars.o)
 .bss           0x0000000000020cd8        0x0 d:/Quartus/Projects/AlarmClock_CPU_NIOS/Procesador_NIOS/CPU_Nios_platform/software/CPU_NIOS_bsp/\libhal_bsp.a(alt_load.o)
 .bss           0x0000000000020cd8        0x0 d:/Quartus/Projects/AlarmClock_CPU_NIOS/Procesador_NIOS/CPU_Nios_platform/software/CPU_NIOS_bsp/\libhal_bsp.a(alt_main.o)
 .bss           0x0000000000020cd8        0x0 d:/Quartus/Projects/AlarmClock_CPU_NIOS/Procesador_NIOS/CPU_Nios_platform/software/CPU_NIOS_bsp/\libhal_bsp.a(alt_sys_init.o)
 .bss           0x0000000000020cd8        0x0 d:/Quartus/Projects/AlarmClock_CPU_NIOS/Procesador_NIOS/CPU_Nios_platform/software/CPU_NIOS_bsp/\libhal_bsp.a(alt_dcache_flush_all.o)
 .bss           0x0000000000020cd8        0x0 d:/Quartus/Projects/AlarmClock_CPU_NIOS/Procesador_NIOS/CPU_Nios_platform/software/CPU_NIOS_bsp/\libhal_bsp.a(alt_exception_entry.o)
 .bss           0x0000000000020cd8        0x0 d:/Quartus/Projects/AlarmClock_CPU_NIOS/Procesador_NIOS/CPU_Nios_platform/software/CPU_NIOS_bsp/\libhal_bsp.a(alt_icache_flush_all.o)
 .bss           0x0000000000020cd8        0x0 d:/Quartus/Projects/AlarmClock_CPU_NIOS/Procesador_NIOS/CPU_Nios_platform/software/CPU_NIOS_bsp/\libhal_bsp.a(alt_instruction_exception_entry.o)
 .bss           0x0000000000020cd8        0x0 d:/Quartus/Projects/AlarmClock_CPU_NIOS/Procesador_NIOS/CPU_Nios_platform/software/CPU_NIOS_bsp/\libhal_bsp.a(altera_nios2_gen2_irq.o)
 .bss           0x0000000000020cd8        0x0 d:/intelfpga_lite/22.1std/nios2eds/bin/gnu/h-x86_64-mingw32/bin/../lib/gcc/nios2-elf/12.1.1/../../../../../H-x86_64-mingw32/nios2-elf/lib/mno-hw-mul\libsmallc.a(lib_a-memcpy.o)
 *(COMMON)
                0x0000000000020cd8                . = ALIGN (0x4)
                0x0000000000020cd8                __bss_end = ABSOLUTE (.)

.memory_RAM     0x0000000000020cd8        0x0
                [!provide]                        PROVIDE (_alt_partition_memory_RAM_start = ABSOLUTE (.))
 *(.memory_RAM .memory_RAM. memory_RAM.*)
                0x0000000000020cd8                . = ALIGN (0x4)
                [!provide]                        PROVIDE (_alt_partition_memory_RAM_end = ABSOLUTE (.))
                0x0000000000020cd8                _end = ABSOLUTE (.)
                0x0000000000020cd8                end = ABSOLUTE (.)
                0x0000000000020cd8                __alt_stack_base = ABSOLUTE (.)
                [!provide]                        PROVIDE (_alt_partition_memory_RAM_load_addr = LOADADDR (.memory_RAM))

.stab
 *(.stab)

.stabstr
 *(.stabstr)

.stab.excl
 *(.stab.excl)

.stab.exclstr
 *(.stab.exclstr)

.stab.index
 *(.stab.index)

.stab.indexstr
 *(.stab.indexstr)

.comment        0x0000000000000000       0x2d
 *(.comment)
 .comment       0x0000000000000000       0x2d obj/default/hello_world_small.o
                                         0x2e (size before relaxing)
 .comment       0x000000000000002d       0x2e d:/intelfpga_lite/22.1std/nios2eds/bin/gnu/h-x86_64-mingw32/bin/../lib/gcc/nios2-elf/12.1.1/mno-hw-mul\libgcc.a(lib2-divmod.o)
 .comment       0x000000000000002d       0x2e d:/Quartus/Projects/AlarmClock_CPU_NIOS/Procesador_NIOS/CPU_Nios_platform/software/CPU_NIOS_bsp/\libhal_bsp.a(alt_iic.o)
 .comment       0x000000000000002d       0x2e d:/Quartus/Projects/AlarmClock_CPU_NIOS/Procesador_NIOS/CPU_Nios_platform/software/CPU_NIOS_bsp/\libhal_bsp.a(alt_iic_isr_register.o)
 .comment       0x000000000000002d       0x2e d:/Quartus/Projects/AlarmClock_CPU_NIOS/Procesador_NIOS/CPU_Nios_platform/software/CPU_NIOS_bsp/\libhal_bsp.a(alt_irq_handler.o)
 .comment       0x000000000000002d       0x2e d:/Quartus/Projects/AlarmClock_CPU_NIOS/Procesador_NIOS/CPU_Nios_platform/software/CPU_NIOS_bsp/\libhal_bsp.a(alt_irq_vars.o)
 .comment       0x000000000000002d       0x2e d:/Quartus/Projects/AlarmClock_CPU_NIOS/Procesador_NIOS/CPU_Nios_platform/software/CPU_NIOS_bsp/\libhal_bsp.a(alt_load.o)
 .comment       0x000000000000002d       0x2e d:/Quartus/Projects/AlarmClock_CPU_NIOS/Procesador_NIOS/CPU_Nios_platform/software/CPU_NIOS_bsp/\libhal_bsp.a(alt_main.o)
 .comment       0x000000000000002d       0x2e d:/Quartus/Projects/AlarmClock_CPU_NIOS/Procesador_NIOS/CPU_Nios_platform/software/CPU_NIOS_bsp/\libhal_bsp.a(alt_sys_init.o)
 .comment       0x000000000000002d       0x2e d:/Quartus/Projects/AlarmClock_CPU_NIOS/Procesador_NIOS/CPU_Nios_platform/software/CPU_NIOS_bsp/\libhal_bsp.a(alt_dcache_flush_all.o)
 .comment       0x000000000000002d       0x2e d:/Quartus/Projects/AlarmClock_CPU_NIOS/Procesador_NIOS/CPU_Nios_platform/software/CPU_NIOS_bsp/\libhal_bsp.a(alt_icache_flush_all.o)
 .comment       0x000000000000002d       0x2e d:/Quartus/Projects/AlarmClock_CPU_NIOS/Procesador_NIOS/CPU_Nios_platform/software/CPU_NIOS_bsp/\libhal_bsp.a(alt_instruction_exception_entry.o)
 .comment       0x000000000000002d       0x2e d:/Quartus/Projects/AlarmClock_CPU_NIOS/Procesador_NIOS/CPU_Nios_platform/software/CPU_NIOS_bsp/\libhal_bsp.a(altera_nios2_gen2_irq.o)
 .comment       0x000000000000002d       0x2e d:/intelfpga_lite/22.1std/nios2eds/bin/gnu/h-x86_64-mingw32/bin/../lib/gcc/nios2-elf/12.1.1/../../../../../H-x86_64-mingw32/nios2-elf/lib/mno-hw-mul\libsmallc.a(lib_a-memcpy.o)

.debug
 *(.debug)

.line
 *(.line)

.debug_srcinfo
 *(.debug_srcinfo)

.debug_sfnames
 *(.debug_sfnames)

.debug_aranges  0x0000000000000000      0x250
 *(.debug_aranges)
 .debug_aranges
                0x0000000000000000       0x28 d:/Quartus/Projects/AlarmClock_CPU_NIOS/Procesador_NIOS/CPU_Nios_platform/software/CPU_NIOS_bsp//obj/HAL/src/crt0.o
 .debug_aranges
                0x0000000000000028       0x28 obj/default/hello_world_small.o
 .debug_aranges
                0x0000000000000050       0x20 d:/intelfpga_lite/22.1std/nios2eds/bin/gnu/h-x86_64-mingw32/bin/../lib/gcc/nios2-elf/12.1.1/mno-hw-mul\libgcc.a(lib2-divmod.o)
 .debug_aranges
                0x0000000000000070       0x20 d:/Quartus/Projects/AlarmClock_CPU_NIOS/Procesador_NIOS/CPU_Nios_platform/software/CPU_NIOS_bsp/\libhal_bsp.a(alt_iic.o)
 .debug_aranges
                0x0000000000000090       0x20 d:/Quartus/Projects/AlarmClock_CPU_NIOS/Procesador_NIOS/CPU_Nios_platform/software/CPU_NIOS_bsp/\libhal_bsp.a(alt_iic_isr_register.o)
 .debug_aranges
                0x00000000000000b0       0x30 d:/Quartus/Projects/AlarmClock_CPU_NIOS/Procesador_NIOS/CPU_Nios_platform/software/CPU_NIOS_bsp/\libhal_bsp.a(alt_irq_entry.o)
 .debug_aranges
                0x00000000000000e0       0x20 d:/Quartus/Projects/AlarmClock_CPU_NIOS/Procesador_NIOS/CPU_Nios_platform/software/CPU_NIOS_bsp/\libhal_bsp.a(alt_irq_handler.o)
 .debug_aranges
                0x0000000000000100       0x18 d:/Quartus/Projects/AlarmClock_CPU_NIOS/Procesador_NIOS/CPU_Nios_platform/software/CPU_NIOS_bsp/\libhal_bsp.a(alt_irq_vars.o)
 .debug_aranges
                0x0000000000000118       0x20 d:/Quartus/Projects/AlarmClock_CPU_NIOS/Procesador_NIOS/CPU_Nios_platform/software/CPU_NIOS_bsp/\libhal_bsp.a(alt_load.o)
 .debug_aranges
                0x0000000000000138       0x20 d:/Quartus/Projects/AlarmClock_CPU_NIOS/Procesador_NIOS/CPU_Nios_platform/software/CPU_NIOS_bsp/\libhal_bsp.a(alt_main.o)
 .debug_aranges
                0x0000000000000158       0x20 d:/Quartus/Projects/AlarmClock_CPU_NIOS/Procesador_NIOS/CPU_Nios_platform/software/CPU_NIOS_bsp/\libhal_bsp.a(alt_sys_init.o)
 .debug_aranges
                0x0000000000000178       0x20 d:/Quartus/Projects/AlarmClock_CPU_NIOS/Procesador_NIOS/CPU_Nios_platform/software/CPU_NIOS_bsp/\libhal_bsp.a(alt_dcache_flush_all.o)
 .debug_aranges
                0x0000000000000198       0x30 d:/Quartus/Projects/AlarmClock_CPU_NIOS/Procesador_NIOS/CPU_Nios_platform/software/CPU_NIOS_bsp/\libhal_bsp.a(alt_exception_entry.o)
 .debug_aranges
                0x00000000000001c8       0x20 d:/Quartus/Projects/AlarmClock_CPU_NIOS/Procesador_NIOS/CPU_Nios_platform/software/CPU_NIOS_bsp/\libhal_bsp.a(alt_icache_flush_all.o)
 .debug_aranges
                0x00000000000001e8       0x28 d:/Quartus/Projects/AlarmClock_CPU_NIOS/Procesador_NIOS/CPU_Nios_platform/software/CPU_NIOS_bsp/\libhal_bsp.a(alt_instruction_exception_entry.o)
 .debug_aranges
                0x0000000000000210       0x20 d:/Quartus/Projects/AlarmClock_CPU_NIOS/Procesador_NIOS/CPU_Nios_platform/software/CPU_NIOS_bsp/\libhal_bsp.a(altera_nios2_gen2_irq.o)
 .debug_aranges
                0x0000000000000230       0x20 d:/intelfpga_lite/22.1std/nios2eds/bin/gnu/h-x86_64-mingw32/bin/../lib/gcc/nios2-elf/12.1.1/../../../../../H-x86_64-mingw32/nios2-elf/lib/mno-hw-mul\libsmallc.a(lib_a-memcpy.o)

.debug_pubnames
 *(.debug_pubnames)

.debug_info     0x0000000000000000     0x1b05
 *(.debug_info .gnu.linkonce.wi.*)
 .debug_info    0x0000000000000000       0x22 d:/Quartus/Projects/AlarmClock_CPU_NIOS/Procesador_NIOS/CPU_Nios_platform/software/CPU_NIOS_bsp//obj/HAL/src/crt0.o
 .debug_info    0x0000000000000022      0x576 obj/default/hello_world_small.o
 .debug_info    0x0000000000000598      0x347 d:/intelfpga_lite/22.1std/nios2eds/bin/gnu/h-x86_64-mingw32/bin/../lib/gcc/nios2-elf/12.1.1/mno-hw-mul\libgcc.a(lib2-divmod.o)
 .debug_info    0x00000000000008df      0x3d8 d:/Quartus/Projects/AlarmClock_CPU_NIOS/Procesador_NIOS/CPU_Nios_platform/software/CPU_NIOS_bsp/\libhal_bsp.a(alt_iic.o)
 .debug_info    0x0000000000000cb7      0x27f d:/Quartus/Projects/AlarmClock_CPU_NIOS/Procesador_NIOS/CPU_Nios_platform/software/CPU_NIOS_bsp/\libhal_bsp.a(alt_iic_isr_register.o)
 .debug_info    0x0000000000000f36       0x22 d:/Quartus/Projects/AlarmClock_CPU_NIOS/Procesador_NIOS/CPU_Nios_platform/software/CPU_NIOS_bsp/\libhal_bsp.a(alt_irq_entry.o)
 .debug_info    0x0000000000000f58      0x195 d:/Quartus/Projects/AlarmClock_CPU_NIOS/Procesador_NIOS/CPU_Nios_platform/software/CPU_NIOS_bsp/\libhal_bsp.a(alt_irq_handler.o)
 .debug_info    0x00000000000010ed       0x88 d:/Quartus/Projects/AlarmClock_CPU_NIOS/Procesador_NIOS/CPU_Nios_platform/software/CPU_NIOS_bsp/\libhal_bsp.a(alt_irq_vars.o)
 .debug_info    0x0000000000001175      0x239 d:/Quartus/Projects/AlarmClock_CPU_NIOS/Procesador_NIOS/CPU_Nios_platform/software/CPU_NIOS_bsp/\libhal_bsp.a(alt_load.o)
 .debug_info    0x00000000000013ae      0x13e d:/Quartus/Projects/AlarmClock_CPU_NIOS/Procesador_NIOS/CPU_Nios_platform/software/CPU_NIOS_bsp/\libhal_bsp.a(alt_main.o)
 .debug_info    0x00000000000014ec      0x127 d:/Quartus/Projects/AlarmClock_CPU_NIOS/Procesador_NIOS/CPU_Nios_platform/software/CPU_NIOS_bsp/\libhal_bsp.a(alt_sys_init.o)
 .debug_info    0x0000000000001613       0x8d d:/Quartus/Projects/AlarmClock_CPU_NIOS/Procesador_NIOS/CPU_Nios_platform/software/CPU_NIOS_bsp/\libhal_bsp.a(alt_dcache_flush_all.o)
 .debug_info    0x00000000000016a0       0x22 d:/Quartus/Projects/AlarmClock_CPU_NIOS/Procesador_NIOS/CPU_Nios_platform/software/CPU_NIOS_bsp/\libhal_bsp.a(alt_exception_entry.o)
 .debug_info    0x00000000000016c2       0x8d d:/Quartus/Projects/AlarmClock_CPU_NIOS/Procesador_NIOS/CPU_Nios_platform/software/CPU_NIOS_bsp/\libhal_bsp.a(alt_icache_flush_all.o)
 .debug_info    0x000000000000174f      0x208 d:/Quartus/Projects/AlarmClock_CPU_NIOS/Procesador_NIOS/CPU_Nios_platform/software/CPU_NIOS_bsp/\libhal_bsp.a(alt_instruction_exception_entry.o)
 .debug_info    0x0000000000001957       0x8d d:/Quartus/Projects/AlarmClock_CPU_NIOS/Procesador_NIOS/CPU_Nios_platform/software/CPU_NIOS_bsp/\libhal_bsp.a(altera_nios2_gen2_irq.o)
 .debug_info    0x00000000000019e4      0x121 d:/intelfpga_lite/22.1std/nios2eds/bin/gnu/h-x86_64-mingw32/bin/../lib/gcc/nios2-elf/12.1.1/../../../../../H-x86_64-mingw32/nios2-elf/lib/mno-hw-mul\libsmallc.a(lib_a-memcpy.o)

.debug_abbrev   0x0000000000000000      0xebc
 *(.debug_abbrev)
 .debug_abbrev  0x0000000000000000       0x12 d:/Quartus/Projects/AlarmClock_CPU_NIOS/Procesador_NIOS/CPU_Nios_platform/software/CPU_NIOS_bsp//obj/HAL/src/crt0.o
 .debug_abbrev  0x0000000000000012      0x27c obj/default/hello_world_small.o
 .debug_abbrev  0x000000000000028e      0x10c d:/intelfpga_lite/22.1std/nios2eds/bin/gnu/h-x86_64-mingw32/bin/../lib/gcc/nios2-elf/12.1.1/mno-hw-mul\libgcc.a(lib2-divmod.o)
 .debug_abbrev  0x000000000000039a      0x1dd d:/Quartus/Projects/AlarmClock_CPU_NIOS/Procesador_NIOS/CPU_Nios_platform/software/CPU_NIOS_bsp/\libhal_bsp.a(alt_iic.o)
 .debug_abbrev  0x0000000000000577      0x1d9 d:/Quartus/Projects/AlarmClock_CPU_NIOS/Procesador_NIOS/CPU_Nios_platform/software/CPU_NIOS_bsp/\libhal_bsp.a(alt_iic_isr_register.o)
 .debug_abbrev  0x0000000000000750       0x12 d:/Quartus/Projects/AlarmClock_CPU_NIOS/Procesador_NIOS/CPU_Nios_platform/software/CPU_NIOS_bsp/\libhal_bsp.a(alt_irq_entry.o)
 .debug_abbrev  0x0000000000000762      0x147 d:/Quartus/Projects/AlarmClock_CPU_NIOS/Procesador_NIOS/CPU_Nios_platform/software/CPU_NIOS_bsp/\libhal_bsp.a(alt_irq_handler.o)
 .debug_abbrev  0x00000000000008a9       0x46 d:/Quartus/Projects/AlarmClock_CPU_NIOS/Procesador_NIOS/CPU_Nios_platform/software/CPU_NIOS_bsp/\libhal_bsp.a(alt_irq_vars.o)
 .debug_abbrev  0x00000000000008ef      0x12c d:/Quartus/Projects/AlarmClock_CPU_NIOS/Procesador_NIOS/CPU_Nios_platform/software/CPU_NIOS_bsp/\libhal_bsp.a(alt_load.o)
 .debug_abbrev  0x0000000000000a1b       0xeb d:/Quartus/Projects/AlarmClock_CPU_NIOS/Procesador_NIOS/CPU_Nios_platform/software/CPU_NIOS_bsp/\libhal_bsp.a(alt_main.o)
 .debug_abbrev  0x0000000000000b06      0x107 d:/Quartus/Projects/AlarmClock_CPU_NIOS/Procesador_NIOS/CPU_Nios_platform/software/CPU_NIOS_bsp/\libhal_bsp.a(alt_sys_init.o)
 .debug_abbrev  0x0000000000000c0d       0x43 d:/Quartus/Projects/AlarmClock_CPU_NIOS/Procesador_NIOS/CPU_Nios_platform/software/CPU_NIOS_bsp/\libhal_bsp.a(alt_dcache_flush_all.o)
 .debug_abbrev  0x0000000000000c50       0x12 d:/Quartus/Projects/AlarmClock_CPU_NIOS/Procesador_NIOS/CPU_Nios_platform/software/CPU_NIOS_bsp/\libhal_bsp.a(alt_exception_entry.o)
 .debug_abbrev  0x0000000000000c62       0x43 d:/Quartus/Projects/AlarmClock_CPU_NIOS/Procesador_NIOS/CPU_Nios_platform/software/CPU_NIOS_bsp/\libhal_bsp.a(alt_icache_flush_all.o)
 .debug_abbrev  0x0000000000000ca5      0x113 d:/Quartus/Projects/AlarmClock_CPU_NIOS/Procesador_NIOS/CPU_Nios_platform/software/CPU_NIOS_bsp/\libhal_bsp.a(alt_instruction_exception_entry.o)
 .debug_abbrev  0x0000000000000db8       0x43 d:/Quartus/Projects/AlarmClock_CPU_NIOS/Procesador_NIOS/CPU_Nios_platform/software/CPU_NIOS_bsp/\libhal_bsp.a(altera_nios2_gen2_irq.o)
 .debug_abbrev  0x0000000000000dfb       0xc1 d:/intelfpga_lite/22.1std/nios2eds/bin/gnu/h-x86_64-mingw32/bin/../lib/gcc/nios2-elf/12.1.1/../../../../../H-x86_64-mingw32/nios2-elf/lib/mno-hw-mul\libsmallc.a(lib_a-memcpy.o)

.debug_line     0x0000000000000000     0x1176
 *(.debug_line)
 .debug_line    0x0000000000000000       0x66 d:/Quartus/Projects/AlarmClock_CPU_NIOS/Procesador_NIOS/CPU_Nios_platform/software/CPU_NIOS_bsp//obj/HAL/src/crt0.o
 .debug_line    0x0000000000000066      0x54f obj/default/hello_world_small.o
 .debug_line    0x00000000000005b5      0x2e3 d:/intelfpga_lite/22.1std/nios2eds/bin/gnu/h-x86_64-mingw32/bin/../lib/gcc/nios2-elf/12.1.1/mno-hw-mul\libgcc.a(lib2-divmod.o)
 .debug_line    0x0000000000000898      0x152 d:/Quartus/Projects/AlarmClock_CPU_NIOS/Procesador_NIOS/CPU_Nios_platform/software/CPU_NIOS_bsp/\libhal_bsp.a(alt_iic.o)
 .debug_line    0x00000000000009ea      0x115 d:/Quartus/Projects/AlarmClock_CPU_NIOS/Procesador_NIOS/CPU_Nios_platform/software/CPU_NIOS_bsp/\libhal_bsp.a(alt_iic_isr_register.o)
 .debug_line    0x0000000000000aff       0x6b d:/Quartus/Projects/AlarmClock_CPU_NIOS/Procesador_NIOS/CPU_Nios_platform/software/CPU_NIOS_bsp/\libhal_bsp.a(alt_irq_entry.o)
 .debug_line    0x0000000000000b6a       0xf9 d:/Quartus/Projects/AlarmClock_CPU_NIOS/Procesador_NIOS/CPU_Nios_platform/software/CPU_NIOS_bsp/\libhal_bsp.a(alt_irq_handler.o)
 .debug_line    0x0000000000000c63       0x43 d:/Quartus/Projects/AlarmClock_CPU_NIOS/Procesador_NIOS/CPU_Nios_platform/software/CPU_NIOS_bsp/\libhal_bsp.a(alt_irq_vars.o)
 .debug_line    0x0000000000000ca6       0xd2 d:/Quartus/Projects/AlarmClock_CPU_NIOS/Procesador_NIOS/CPU_Nios_platform/software/CPU_NIOS_bsp/\libhal_bsp.a(alt_load.o)
 .debug_line    0x0000000000000d78       0xa2 d:/Quartus/Projects/AlarmClock_CPU_NIOS/Procesador_NIOS/CPU_Nios_platform/software/CPU_NIOS_bsp/\libhal_bsp.a(alt_main.o)
 .debug_line    0x0000000000000e1a       0x95 d:/Quartus/Projects/AlarmClock_CPU_NIOS/Procesador_NIOS/CPU_Nios_platform/software/CPU_NIOS_bsp/\libhal_bsp.a(alt_sys_init.o)
 .debug_line    0x0000000000000eaf       0x4e d:/Quartus/Projects/AlarmClock_CPU_NIOS/Procesador_NIOS/CPU_Nios_platform/software/CPU_NIOS_bsp/\libhal_bsp.a(alt_dcache_flush_all.o)
 .debug_line    0x0000000000000efd       0x9d d:/Quartus/Projects/AlarmClock_CPU_NIOS/Procesador_NIOS/CPU_Nios_platform/software/CPU_NIOS_bsp/\libhal_bsp.a(alt_exception_entry.o)
 .debug_line    0x0000000000000f9a       0x4c d:/Quartus/Projects/AlarmClock_CPU_NIOS/Procesador_NIOS/CPU_Nios_platform/software/CPU_NIOS_bsp/\libhal_bsp.a(alt_icache_flush_all.o)
 .debug_line    0x0000000000000fe6       0xb0 d:/Quartus/Projects/AlarmClock_CPU_NIOS/Procesador_NIOS/CPU_Nios_platform/software/CPU_NIOS_bsp/\libhal_bsp.a(alt_instruction_exception_entry.o)
 .debug_line    0x0000000000001096       0x54 d:/Quartus/Projects/AlarmClock_CPU_NIOS/Procesador_NIOS/CPU_Nios_platform/software/CPU_NIOS_bsp/\libhal_bsp.a(altera_nios2_gen2_irq.o)
 .debug_line    0x00000000000010ea       0x8c d:/intelfpga_lite/22.1std/nios2eds/bin/gnu/h-x86_64-mingw32/bin/../lib/gcc/nios2-elf/12.1.1/../../../../../H-x86_64-mingw32/nios2-elf/lib/mno-hw-mul\libsmallc.a(lib_a-memcpy.o)

.debug_frame    0x0000000000000000      0x374
 *(.debug_frame)
 .debug_frame   0x0000000000000000      0x124 obj/default/hello_world_small.o
 .debug_frame   0x0000000000000124       0x50 d:/intelfpga_lite/22.1std/nios2eds/bin/gnu/h-x86_64-mingw32/bin/../lib/gcc/nios2-elf/12.1.1/mno-hw-mul\libgcc.a(lib2-divmod.o)
 .debug_frame   0x0000000000000174       0x50 d:/Quartus/Projects/AlarmClock_CPU_NIOS/Procesador_NIOS/CPU_Nios_platform/software/CPU_NIOS_bsp/\libhal_bsp.a(alt_iic.o)
 .debug_frame   0x00000000000001c4       0x38 d:/Quartus/Projects/AlarmClock_CPU_NIOS/Procesador_NIOS/CPU_Nios_platform/software/CPU_NIOS_bsp/\libhal_bsp.a(alt_iic_isr_register.o)
 .debug_frame   0x00000000000001fc       0x34 d:/Quartus/Projects/AlarmClock_CPU_NIOS/Procesador_NIOS/CPU_Nios_platform/software/CPU_NIOS_bsp/\libhal_bsp.a(alt_irq_handler.o)
 .debug_frame   0x0000000000000230       0x2c d:/Quartus/Projects/AlarmClock_CPU_NIOS/Procesador_NIOS/CPU_Nios_platform/software/CPU_NIOS_bsp/\libhal_bsp.a(alt_load.o)
 .debug_frame   0x000000000000025c       0x2c d:/Quartus/Projects/AlarmClock_CPU_NIOS/Procesador_NIOS/CPU_Nios_platform/software/CPU_NIOS_bsp/\libhal_bsp.a(alt_main.o)
 .debug_frame   0x0000000000000288       0x3c d:/Quartus/Projects/AlarmClock_CPU_NIOS/Procesador_NIOS/CPU_Nios_platform/software/CPU_NIOS_bsp/\libhal_bsp.a(alt_sys_init.o)
 .debug_frame   0x00000000000002c4       0x20 d:/Quartus/Projects/AlarmClock_CPU_NIOS/Procesador_NIOS/CPU_Nios_platform/software/CPU_NIOS_bsp/\libhal_bsp.a(alt_dcache_flush_all.o)
 .debug_frame   0x00000000000002e4       0x20 d:/Quartus/Projects/AlarmClock_CPU_NIOS/Procesador_NIOS/CPU_Nios_platform/software/CPU_NIOS_bsp/\libhal_bsp.a(alt_icache_flush_all.o)
 .debug_frame   0x0000000000000304       0x30 d:/Quartus/Projects/AlarmClock_CPU_NIOS/Procesador_NIOS/CPU_Nios_platform/software/CPU_NIOS_bsp/\libhal_bsp.a(alt_instruction_exception_entry.o)
 .debug_frame   0x0000000000000334       0x20 d:/Quartus/Projects/AlarmClock_CPU_NIOS/Procesador_NIOS/CPU_Nios_platform/software/CPU_NIOS_bsp/\libhal_bsp.a(altera_nios2_gen2_irq.o)
 .debug_frame   0x0000000000000354       0x20 d:/intelfpga_lite/22.1std/nios2eds/bin/gnu/h-x86_64-mingw32/bin/../lib/gcc/nios2-elf/12.1.1/../../../../../H-x86_64-mingw32/nios2-elf/lib/mno-hw-mul\libsmallc.a(lib_a-memcpy.o)

.debug_str      0x0000000000000000      0xbef
 *(.debug_str)
 .debug_str     0x0000000000000000       0x7e d:/Quartus/Projects/AlarmClock_CPU_NIOS/Procesador_NIOS/CPU_Nios_platform/software/CPU_NIOS_bsp//obj/HAL/src/crt0.o
 .debug_str     0x000000000000007e      0x2ab obj/default/hello_world_small.o
                                        0x303 (size before relaxing)
 .debug_str     0x0000000000000329       0xc5 d:/intelfpga_lite/22.1std/nios2eds/bin/gnu/h-x86_64-mingw32/bin/../lib/gcc/nios2-elf/12.1.1/mno-hw-mul\libgcc.a(lib2-divmod.o)
                                        0x122 (size before relaxing)
 .debug_str     0x00000000000003ee       0xca d:/Quartus/Projects/AlarmClock_CPU_NIOS/Procesador_NIOS/CPU_Nios_platform/software/CPU_NIOS_bsp/\libhal_bsp.a(alt_iic.o)
                                        0x1f6 (size before relaxing)
 .debug_str     0x00000000000004b8       0x18 d:/Quartus/Projects/AlarmClock_CPU_NIOS/Procesador_NIOS/CPU_Nios_platform/software/CPU_NIOS_bsp/\libhal_bsp.a(alt_iic_isr_register.o)
                                        0x1b5 (size before relaxing)
 .debug_str     0x00000000000004d0       0x18 d:/Quartus/Projects/AlarmClock_CPU_NIOS/Procesador_NIOS/CPU_Nios_platform/software/CPU_NIOS_bsp/\libhal_bsp.a(alt_irq_entry.o)
                                         0x87 (size before relaxing)
 .debug_str     0x00000000000004e8       0x20 d:/Quartus/Projects/AlarmClock_CPU_NIOS/Procesador_NIOS/CPU_Nios_platform/software/CPU_NIOS_bsp/\libhal_bsp.a(alt_irq_handler.o)
                                        0x144 (size before relaxing)
 .debug_str     0x0000000000000508       0x12 d:/Quartus/Projects/AlarmClock_CPU_NIOS/Procesador_NIOS/CPU_Nios_platform/software/CPU_NIOS_bsp/\libhal_bsp.a(alt_irq_vars.o)
                                         0xf3 (size before relaxing)
 .debug_str     0x000000000000051a      0x111 d:/Quartus/Projects/AlarmClock_CPU_NIOS/Procesador_NIOS/CPU_Nios_platform/software/CPU_NIOS_bsp/\libhal_bsp.a(alt_load.o)
                                        0x208 (size before relaxing)
 .debug_str     0x000000000000062b       0x4b d:/Quartus/Projects/AlarmClock_CPU_NIOS/Procesador_NIOS/CPU_Nios_platform/software/CPU_NIOS_bsp/\libhal_bsp.a(alt_main.o)
                                        0x138 (size before relaxing)
 .debug_str     0x0000000000000676       0x81 d:/Quartus/Projects/AlarmClock_CPU_NIOS/Procesador_NIOS/CPU_Nios_platform/software/CPU_NIOS_bsp/\libhal_bsp.a(alt_sys_init.o)
                                        0x183 (size before relaxing)
 .debug_str     0x00000000000006f7       0xfd d:/Quartus/Projects/AlarmClock_CPU_NIOS/Procesador_NIOS/CPU_Nios_platform/software/CPU_NIOS_bsp/\libhal_bsp.a(alt_dcache_flush_all.o)
 .debug_str     0x00000000000006f7       0x1e d:/Quartus/Projects/AlarmClock_CPU_NIOS/Procesador_NIOS/CPU_Nios_platform/software/CPU_NIOS_bsp/\libhal_bsp.a(alt_exception_entry.o)
                                         0x8d (size before relaxing)
 .debug_str     0x0000000000000715       0xfd d:/Quartus/Projects/AlarmClock_CPU_NIOS/Procesador_NIOS/CPU_Nios_platform/software/CPU_NIOS_bsp/\libhal_bsp.a(alt_icache_flush_all.o)
 .debug_str     0x0000000000000715      0x461 d:/Quartus/Projects/AlarmClock_CPU_NIOS/Procesador_NIOS/CPU_Nios_platform/software/CPU_NIOS_bsp/\libhal_bsp.a(alt_instruction_exception_entry.o)
                                        0x546 (size before relaxing)
 .debug_str     0x0000000000000b76      0x103 d:/Quartus/Projects/AlarmClock_CPU_NIOS/Procesador_NIOS/CPU_Nios_platform/software/CPU_NIOS_bsp/\libhal_bsp.a(altera_nios2_gen2_irq.o)
 .debug_str     0x0000000000000b76       0x79 d:/intelfpga_lite/22.1std/nios2eds/bin/gnu/h-x86_64-mingw32/bin/../lib/gcc/nios2-elf/12.1.1/../../../../../H-x86_64-mingw32/nios2-elf/lib/mno-hw-mul\libsmallc.a(lib_a-memcpy.o)
                                        0x115 (size before relaxing)

.debug_loc
 *(.debug_loc)

.debug_macinfo
 *(.debug_macinfo)

.debug_weaknames
 *(.debug_weaknames)

.debug_funcnames
 *(.debug_funcnames)

.debug_typenames
 *(.debug_typenames)

.debug_varnames
 *(.debug_varnames)

.debug_alt_sim_info
                0x0000000000000000       0x10
 *(.debug_alt_sim_info)
 .debug_alt_sim_info
                0x0000000000000000       0x10 d:/Quartus/Projects/AlarmClock_CPU_NIOS/Procesador_NIOS/CPU_Nios_platform/software/CPU_NIOS_bsp//obj/HAL/src/crt0.o
                0x0000000000040000                __alt_data_end = 0x40000
                0x0000000000040000                PROVIDE (__alt_stack_pointer = __alt_data_end)
                [!provide]                        PROVIDE (__alt_stack_limit = __alt_stack_base)
                [!provide]                        PROVIDE (__alt_heap_start = end)
                [!provide]                        PROVIDE (__alt_heap_limit = 0x40000)
OUTPUT(CPU_NIOS.elf elf32-littlenios2)
LOAD linker stubs

.debug_ranges   0x0000000000000000       0x70
 .debug_ranges  0x0000000000000000       0x20 d:/Quartus/Projects/AlarmClock_CPU_NIOS/Procesador_NIOS/CPU_Nios_platform/software/CPU_NIOS_bsp//obj/HAL/src/crt0.o
 .debug_ranges  0x0000000000000020       0x28 d:/Quartus/Projects/AlarmClock_CPU_NIOS/Procesador_NIOS/CPU_Nios_platform/software/CPU_NIOS_bsp/\libhal_bsp.a(alt_irq_entry.o)
 .debug_ranges  0x0000000000000048       0x28 d:/Quartus/Projects/AlarmClock_CPU_NIOS/Procesador_NIOS/CPU_Nios_platform/software/CPU_NIOS_bsp/\libhal_bsp.a(alt_exception_entry.o)

.debug_loclists
                0x0000000000000000      0x8dd
 .debug_loclists
                0x0000000000000000      0x19b obj/default/hello_world_small.o
 .debug_loclists
                0x000000000000019b      0x37a d:/intelfpga_lite/22.1std/nios2eds/bin/gnu/h-x86_64-mingw32/bin/../lib/gcc/nios2-elf/12.1.1/mno-hw-mul\libgcc.a(lib2-divmod.o)
 .debug_loclists
                0x0000000000000515       0xf9 d:/Quartus/Projects/AlarmClock_CPU_NIOS/Procesador_NIOS/CPU_Nios_platform/software/CPU_NIOS_bsp/\libhal_bsp.a(alt_iic.o)
 .debug_loclists
                0x000000000000060e      0x130 d:/Quartus/Projects/AlarmClock_CPU_NIOS/Procesador_NIOS/CPU_Nios_platform/software/CPU_NIOS_bsp/\libhal_bsp.a(alt_iic_isr_register.o)
 .debug_loclists
                0x000000000000073e       0x6e d:/Quartus/Projects/AlarmClock_CPU_NIOS/Procesador_NIOS/CPU_Nios_platform/software/CPU_NIOS_bsp/\libhal_bsp.a(alt_irq_handler.o)
 .debug_loclists
                0x00000000000007ac       0x1e d:/Quartus/Projects/AlarmClock_CPU_NIOS/Procesador_NIOS/CPU_Nios_platform/software/CPU_NIOS_bsp/\libhal_bsp.a(alt_sys_init.o)
 .debug_loclists
                0x00000000000007ca       0x47 d:/Quartus/Projects/AlarmClock_CPU_NIOS/Procesador_NIOS/CPU_Nios_platform/software/CPU_NIOS_bsp/\libhal_bsp.a(alt_instruction_exception_entry.o)
 .debug_loclists
                0x0000000000000811       0xcc d:/intelfpga_lite/22.1std/nios2eds/bin/gnu/h-x86_64-mingw32/bin/../lib/gcc/nios2-elf/12.1.1/../../../../../H-x86_64-mingw32/nios2-elf/lib/mno-hw-mul\libsmallc.a(lib_a-memcpy.o)

.debug_rnglists
                0x0000000000000000       0xf6
 .debug_rnglists
                0x0000000000000000       0x36 obj/default/hello_world_small.o
 .debug_rnglists
                0x0000000000000036       0x3f d:/intelfpga_lite/22.1std/nios2eds/bin/gnu/h-x86_64-mingw32/bin/../lib/gcc/nios2-elf/12.1.1/mno-hw-mul\libgcc.a(lib2-divmod.o)
 .debug_rnglists
                0x0000000000000075       0x13 d:/Quartus/Projects/AlarmClock_CPU_NIOS/Procesador_NIOS/CPU_Nios_platform/software/CPU_NIOS_bsp/\libhal_bsp.a(alt_iic_isr_register.o)
 .debug_rnglists
                0x0000000000000088       0x1f d:/Quartus/Projects/AlarmClock_CPU_NIOS/Procesador_NIOS/CPU_Nios_platform/software/CPU_NIOS_bsp/\libhal_bsp.a(alt_irq_handler.o)
 .debug_rnglists
                0x00000000000000a7       0x23 d:/Quartus/Projects/AlarmClock_CPU_NIOS/Procesador_NIOS/CPU_Nios_platform/software/CPU_NIOS_bsp/\libhal_bsp.a(alt_load.o)
 .debug_rnglists
                0x00000000000000ca       0x19 d:/Quartus/Projects/AlarmClock_CPU_NIOS/Procesador_NIOS/CPU_Nios_platform/software/CPU_NIOS_bsp/\libhal_bsp.a(alt_instruction_exception_entry.o)
 .debug_rnglists
                0x00000000000000e3       0x13 d:/intelfpga_lite/22.1std/nios2eds/bin/gnu/h-x86_64-mingw32/bin/../lib/gcc/nios2-elf/12.1.1/../../../../../H-x86_64-mingw32/nios2-elf/lib/mno-hw-mul\libsmallc.a(lib_a-memcpy.o)

.debug_line_str
                0x0000000000000000      0x6a0
 .debug_line_str
                0x0000000000000000      0x15a obj/default/hello_world_small.o
                                        0x1de (size before relaxing)
 .debug_line_str
                0x000000000000015a       0xf2 d:/intelfpga_lite/22.1std/nios2eds/bin/gnu/h-x86_64-mingw32/bin/../lib/gcc/nios2-elf/12.1.1/mno-hw-mul\libgcc.a(lib2-divmod.o)
                                        0x1b6 (size before relaxing)
 .debug_line_str
                0x000000000000024c       0xc9 d:/Quartus/Projects/AlarmClock_CPU_NIOS/Procesador_NIOS/CPU_Nios_platform/software/CPU_NIOS_bsp/\libhal_bsp.a(alt_iic.o)
                                        0x15b (size before relaxing)
 .debug_line_str
                0x0000000000000315       0x2f d:/Quartus/Projects/AlarmClock_CPU_NIOS/Procesador_NIOS/CPU_Nios_platform/software/CPU_NIOS_bsp/\libhal_bsp.a(alt_iic_isr_register.o)
                                        0x16a (size before relaxing)
 .debug_line_str
                0x0000000000000344       0x1a d:/Quartus/Projects/AlarmClock_CPU_NIOS/Procesador_NIOS/CPU_Nios_platform/software/CPU_NIOS_bsp/\libhal_bsp.a(alt_irq_handler.o)
                                        0x13c (size before relaxing)
 .debug_line_str
                0x000000000000035e       0x17 d:/Quartus/Projects/AlarmClock_CPU_NIOS/Procesador_NIOS/CPU_Nios_platform/software/CPU_NIOS_bsp/\libhal_bsp.a(alt_irq_vars.o)
                                        0x11b (size before relaxing)
 .debug_line_str
                0x0000000000000375       0x35 d:/Quartus/Projects/AlarmClock_CPU_NIOS/Procesador_NIOS/CPU_Nios_platform/software/CPU_NIOS_bsp/\libhal_bsp.a(alt_load.o)
                                        0x13f (size before relaxing)
 .debug_line_str
                0x00000000000003aa       0x31 d:/Quartus/Projects/AlarmClock_CPU_NIOS/Procesador_NIOS/CPU_Nios_platform/software/CPU_NIOS_bsp/\libhal_bsp.a(alt_main.o)
                                        0x13e (size before relaxing)
 .debug_line_str
                0x00000000000003db       0x4f d:/Quartus/Projects/AlarmClock_CPU_NIOS/Procesador_NIOS/CPU_Nios_platform/software/CPU_NIOS_bsp/\libhal_bsp.a(alt_sys_init.o)
                                        0x14f (size before relaxing)
 .debug_line_str
                0x000000000000042a       0x1f d:/Quartus/Projects/AlarmClock_CPU_NIOS/Procesador_NIOS/CPU_Nios_platform/software/CPU_NIOS_bsp/\libhal_bsp.a(alt_dcache_flush_all.o)
                                        0x11d (size before relaxing)
 .debug_line_str
                0x0000000000000449       0x1f d:/Quartus/Projects/AlarmClock_CPU_NIOS/Procesador_NIOS/CPU_Nios_platform/software/CPU_NIOS_bsp/\libhal_bsp.a(alt_icache_flush_all.o)
                                        0x11d (size before relaxing)
 .debug_line_str
                0x0000000000000468       0x3b d:/Quartus/Projects/AlarmClock_CPU_NIOS/Procesador_NIOS/CPU_Nios_platform/software/CPU_NIOS_bsp/\libhal_bsp.a(alt_instruction_exception_entry.o)
                                        0x173 (size before relaxing)
 .debug_line_str
                0x00000000000004a3       0x20 d:/Quartus/Projects/AlarmClock_CPU_NIOS/Procesador_NIOS/CPU_Nios_platform/software/CPU_NIOS_bsp/\libhal_bsp.a(altera_nios2_gen2_irq.o)
                                        0x120 (size before relaxing)
 .debug_line_str
                0x00000000000004c3      0x1dd d:/intelfpga_lite/22.1std/nios2eds/bin/gnu/h-x86_64-mingw32/bin/../lib/gcc/nios2-elf/12.1.1/../../../../../H-x86_64-mingw32/nios2-elf/lib/mno-hw-mul\libsmallc.a(lib_a-memcpy.o)
                                        0x2b3 (size before relaxing)
